Archive member included because of file (symbol)

contiki-sky.a(servreg-hack.o)
                              unicast-receiver.co (servreg_hack_init)
contiki-sky.a(contiki-sky-pla)
                              obj_sky/contiki-sky-main.o (init_platform)
contiki-sky.a(button-sensor.o)
                              contiki-sky.a(contiki-sky-pla) (button_sensor)
contiki-sky.a(ds2411.o)       obj_sky/contiki-sky-main.o (ds2411_init)
contiki-sky.a(xmem.o)         obj_sky/contiki-sky-main.o (xmem_init)
contiki-sky.a(node-id.o)      obj_sky/contiki-sky-main.o (node_id_restore)
contiki-sky.a(sensors.o)      contiki-sky.a(button-sensor.o) (sensors_changed)
contiki-sky.a(cc2420.o)       obj_sky/contiki-sky-main.o (cc2420_set_pan_addr)
contiki-sky.a(cc2420-arch.o)  contiki-sky.a(cc2420.o) (cc2420_arch_init)
contiki-sky.a(uart1.o)        obj_sky/contiki-sky-main.o (uart1_active)
contiki-sky.a(uart1-putchar.o)
                              unicast-receiver.co (putchar)
contiki-sky.a(msp430.o)       contiki-sky.a(uart1.o) (msp430_add_lpm_req)
contiki-sky.a(clock.o)        obj_sky/contiki-sky-main.o (clock_init)
contiki-sky.a(leds.o)         obj_sky/contiki-sky-main.o (leds_init)
contiki-sky.a(leds-arch.o)    contiki-sky.a(leds.o) (leds_arch_init)
contiki-sky.a(watchdog.o)     obj_sky/contiki-sky-main.o (watchdog_start)
contiki-sky.a(rtimer-arch.o)  obj_sky/contiki-sky-main.o (rtimer_arch_now)
contiki-sky.a(autostart.o)    obj_sky/contiki-sky-main.o (autostart_start)
contiki-sky.a(ctimer.o)       obj_sky/contiki-sky-main.o (ctimer_init)
contiki-sky.a(energest.o)     obj_sky/contiki-sky-main.o (energest_init)
contiki-sky.a(etimer.o)       contiki-sky.a(clock.o) (etimer_request_poll)
contiki-sky.a(process.o)      contiki-sky.a(servreg-hack.o) (process_current)
contiki-sky.a(rtimer.o)       obj_sky/contiki-sky-main.o (rtimer_init)
contiki-sky.a(timer.o)        obj_sky/contiki-sky-main.o (timer_set)
contiki-sky.a(list.o)         contiki-sky.a(servreg-hack.o) (list_init)
contiki-sky.a(memb.o)         contiki-sky.a(servreg-hack.o) (memb_init)
contiki-sky.a(random.o)       obj_sky/contiki-sky-main.o (random_init)
contiki-sky.a(sicslowpan.o)   obj_sky/contiki-sky-main.o (sicslowpan_driver)
contiki-sky.a(uip6.o)         contiki-sky.a(sicslowpan.o) (uip_aligned_buf)
contiki-sky.a(uip-ds6.o)      contiki-sky.a(uip6.o) (uip_ds6_is_addr_onlink)
contiki-sky.a(uip-ds6-nbr.o)  contiki-sky.a(uip-ds6.o) (uip_ds6_neighbors_init)
contiki-sky.a(uip-ds6-route.o)
                              contiki-sky.a(uip-ds6.o) (uip_ds6_route_init)
contiki-sky.a(uip-icmp6.o)    contiki-sky.a(uip6.o) (uip_icmp6_input)
contiki-sky.a(uip-nd6.o)      contiki-sky.a(uip6.o) (uip_nd6_init)
contiki-sky.a(simple-udp.o)   unicast-receiver.co (simple_udp_register)
contiki-sky.a(tcpip.o)        contiki-sky.a(sicslowpan.o) (tcpip_set_outputfunc)
contiki-sky.a(uip-debug.o)    unicast-receiver.co (uip_debug_ipaddr_print)
contiki-sky.a(uip-udp-packet.)
                              contiki-sky.a(servreg-hack.o) (uip_udp_packet_send)
contiki-sky.a(rpl.o)          contiki-sky.a(uip-ds6-nbr.o) (rpl_link_neighbor_callback)
contiki-sky.a(rpl-dag.o)      contiki-sky.a(rpl.o) (default_instance)
contiki-sky.a(rpl-ext-header.)
                              contiki-sky.a(uip6.o) (rpl_verify_header)
contiki-sky.a(rpl-icmp6.o)    contiki-sky.a(rpl.o) (dao_output_target)
contiki-sky.a(rpl-mrhof.o)    contiki-sky.a(rpl.o) (rpl_mrhof)
contiki-sky.a(rpl-timers.o)   contiki-sky.a(rpl.o) (rpl_reset_periodic_timer)
contiki-sky.a(csma.o)         obj_sky/contiki-sky-main.o (csma_driver)
contiki-sky.a(framer-802154.o)
                              contiki-sky.a(sicslowpan.o) (framer_802154)
contiki-sky.a(framer.o)       contiki-sky.a(framer-802154.o) (framer_canonical_create_and_secure)
contiki-sky.a(mac.o)          contiki-sky.a(csma.o) (mac_call_sent_callback)
contiki-sky.a(linkaddr.o)     obj_sky/contiki-sky-main.o (linkaddr_copy)
contiki-sky.a(nbr-table.o)    contiki-sky.a(uip-ds6-nbr.o) (nbr_table_register)
contiki-sky.a(packetbuf.o)    contiki-sky.a(framer.o) (packetbuf_compact)
contiki-sky.a(queuebuf.o)     obj_sky/contiki-sky-main.o (queuebuf_init)
contiki-sky.a(contikimac.o)   obj_sky/contiki-sky-main.o (contikimac_driver)
contiki-sky.a(nullsec.o)      obj_sky/contiki-sky-main.o (nullsec_driver)
contiki-sky.a(spi.o)          contiki-sky.a(xmem.o) (spi_init)
contiki-sky.a(compower.o)     contiki-sky.a(contikimac.o) (compower_accumulate)
contiki-sky.a(stimer.o)       contiki-sky.a(uip-ds6.o) (stimer_set)
contiki-sky.a(frame802154.o)  contiki-sky.a(framer-802154.o) (frame802154_hdrlen)
contiki-sky.a(mac-sequence.o)
                              contiki-sky.a(contikimac.o) (mac_sequence_is_duplicate)
/usr/lib/gcc/msp430/4.6.3/mmpy-16/libgcc.a(_mulsi3.o)
                              contiki-sky.a(rpl.o) (__mulsi3)
/usr/lib/gcc/msp430/4.6.3/mmpy-16/libgcc.a(_udivmod16.o)
                              contiki-sky.a(rpl-dag.o) (__udivhi3)
[...]
Memory Configuration

Name             Origin             Length             Attributes
sfr              0x00000000         0x00000010
peripheral_8bit  0x00000010         0x000000f0
peripheral_16bit 0x00000100         0x00000100
ram_mirror       0x00000200         0x00000800         xw
infomem          0x00001000         0x00000100
infob            0x00001000         0x00000080
infoa            0x00001080         0x00000080
ram              0x00001100         0x00002800         xw
rom              0x00004000         0x0000bfe0         xr
vectors          0x0000ffe0         0x00000020
bsl              0x00000000         0x00000000
infoc            0x00000000         0x00000000
infod            0x00000000         0x00000000
ram2             0x00000000         0x00000000         xw
usbram           0x00000000         0x00000000         xw
far_rom          0x00000000         0x00000000
*default*        0x00000000         0xffffffff

Linker script and memory map

LOAD /usr/lib/gcc/msp430/4.6.3/mmpy-16/crt0ivtbl16.o
LOAD unicast-receiver.co
LOAD obj_sky/contiki-sky-main.o
LOAD contiki-sky.a
LOAD /usr/lib/gcc/msp430/4.6.3/mmpy-16/libgcc.a
LOAD /usr/lib/gcc/msp430/4.6.3/../../../../msp430/lib/mmpy-16/libc.a
LOAD /usr/lib/gcc/msp430/4.6.3/mmpy-16/libgcc.a
LOAD /usr/lib/gcc/msp430/4.6.3/mmpy-16/libcrt0.a
                0x00000080                PROVIDE (__info_segment_size, 0x80)
                0x00001000                PROVIDE (__infob, 0x1000)
                0x00001080                PROVIDE (__infoa, 0x1080)
                0x00000000                __IE1 = 0x0
                0x00000002                __IFG1 = 0x2
                0x00000004                __ME1 = 0x4
                0x00000001                __IE2 = 0x1
                0x00000003                __IFG2 = 0x3
                0x00000005                __ME2 = 0x5
                0x00000120                __WDTCTL = 0x120
                0x00000130                __MPY = 0x130
                0x00000132                __MPYS = 0x132
                0x00000134                __MAC = 0x134
                0x00000136                __MACS = 0x136
                0x00000138                __OP2 = 0x138
                0x0000013a                __RESLO = 0x13a
                0x0000013c                __RESHI = 0x13c
                0x0000013e                __SUMEXT = 0x13e
                0x00000020                __P1IN = 0x20
                0x00000021                __P1OUT = 0x21
                0x00000022                __P1DIR = 0x22
                0x00000023                __P1IFG = 0x23
                0x00000024                __P1IES = 0x24
                0x00000025                __P1IE = 0x25
                0x00000026                __P1SEL = 0x26
                0x00000028                __P2IN = 0x28
                0x00000029                __P2OUT = 0x29
                0x0000002a                __P2DIR = 0x2a
                0x0000002b                __P2IFG = 0x2b
                0x0000002c                __P2IES = 0x2c
                0x0000002d                __P2IE = 0x2d
                0x0000002e                __P2SEL = 0x2e
                0x00000018                __P3IN = 0x18
                0x00000019                __P3OUT = 0x19
                0x0000001a                __P3DIR = 0x1a
                0x0000001b                __P3SEL = 0x1b
                0x0000001c                __P4IN = 0x1c
                0x0000001d                __P4OUT = 0x1d
                0x0000001e                __P4DIR = 0x1e
                0x0000001f                __P4SEL = 0x1f
                0x00000030                __P5IN = 0x30
                0x00000031                __P5OUT = 0x31
                0x00000032                __P5DIR = 0x32
                0x00000033                __P5SEL = 0x33
                0x00000034                __P6IN = 0x34
                0x00000035                __P6OUT = 0x35
                0x00000036                __P6DIR = 0x36
                0x00000037                __P6SEL = 0x37
                0x00000070                __U0CTL = 0x70
                0x00000071                __U0TCTL = 0x71
                0x00000072                __U0RCTL = 0x72
                0x00000073                __U0MCTL = 0x73
                0x00000074                __U0BR0 = 0x74
                0x00000075                __U0BR1 = 0x75
                0x00000076                __U0RXBUF = 0x76
                0x00000077                __U0TXBUF = 0x77
                0x00000078                __U1CTL = 0x78
                0x00000079                __U1TCTL = 0x79
                0x0000007a                __U1RCTL = 0x7a
                0x0000007b                __U1MCTL = 0x7b
                0x0000007c                __U1BR0 = 0x7c
                0x0000007d                __U1BR1 = 0x7d
                0x0000007e                __U1RXBUF = 0x7e
                0x0000007f                __U1TXBUF = 0x7f
                0x00000050                __I2CIE = 0x50
                0x00000051                __I2CIFG = 0x51
                0x00000052                __I2CNDAT = 0x52
                0x00000071                __I2CTCTL = 0x71
                0x00000072                __I2CDCTL = 0x72
                0x00000073                __I2CPSC = 0x73
                0x00000074                __I2CSCLH = 0x74
                0x00000075                __I2CSCLL = 0x75
                0x00000076                __I2CDRB = 0x76
                0x00000076                __I2CDRW = 0x76
                0x00000118                __I2COA = 0x118
                0x0000011a                __I2CSA = 0x11a
                0x0000011c                __I2CIV = 0x11c
                0x0000012e                __TAIV = 0x12e
                0x00000160                __TACTL = 0x160
                0x00000162                __TACCTL0 = 0x162
                0x00000164                __TACCTL1 = 0x164
                0x00000166                __TACCTL2 = 0x166
                0x00000170                __TAR = 0x170
                0x00000172                __TACCR0 = 0x172
                0x00000174                __TACCR1 = 0x174
                0x00000176                __TACCR2 = 0x176
                0x0000011e                __TBIV = 0x11e
                0x00000180                __TBCTL = 0x180
                0x00000182                __TBCCTL0 = 0x182
                0x00000184                __TBCCTL1 = 0x184
                0x00000186                __TBCCTL2 = 0x186
                0x00000188                __TBCCTL3 = 0x188
                0x0000018a                __TBCCTL4 = 0x18a
                0x0000018c                __TBCCTL5 = 0x18c
                0x0000018e                __TBCCTL6 = 0x18e
                0x00000190                __TBR = 0x190
                0x00000192                __TBCCR0 = 0x192
                0x00000194                __TBCCR1 = 0x194
                0x00000196                __TBCCR2 = 0x196
                0x00000198                __TBCCR3 = 0x198
                0x0000019a                __TBCCR4 = 0x19a
                0x0000019c                __TBCCR5 = 0x19c
                0x0000019e                __TBCCR6 = 0x19e
                0x00000056                __DCOCTL = 0x56
                0x00000057                __BCSCTL1 = 0x57
                0x00000058                __BCSCTL2 = 0x58
                0x00000055                __SVSCTL = 0x55
                0x00000128                __FCTL1 = 0x128
                0x0000012a                __FCTL2 = 0x12a
                0x0000012c                __FCTL3 = 0x12c
                0x00000059                __CACTL1 = 0x59
                0x0000005a                __CACTL2 = 0x5a
                0x0000005b                __CAPD = 0x5b
                0x000001a0                __ADC12CTL0 = 0x1a0
                0x000001a2                __ADC12CTL1 = 0x1a2
                0x000001a4                __ADC12IFG = 0x1a4
                0x000001a6                __ADC12IE = 0x1a6
                0x000001a8                __ADC12IV = 0x1a8
                0x00000140                __ADC12MEM0 = 0x140
                0x00000142                __ADC12MEM1 = 0x142
                0x00000144                __ADC12MEM2 = 0x144
                0x00000146                __ADC12MEM3 = 0x146
                0x00000148                __ADC12MEM4 = 0x148
                0x0000014a                __ADC12MEM5 = 0x14a
                0x0000014c                __ADC12MEM6 = 0x14c
                0x0000014e                __ADC12MEM7 = 0x14e
                0x00000150                __ADC12MEM8 = 0x150
                0x00000152                __ADC12MEM9 = 0x152
                0x00000154                __ADC12MEM10 = 0x154
                0x00000156                __ADC12MEM11 = 0x156
                0x00000158                __ADC12MEM12 = 0x158
                0x0000015a                __ADC12MEM13 = 0x15a
                0x0000015c                __ADC12MEM14 = 0x15c
                0x0000015e                __ADC12MEM15 = 0x15e
                0x00000080                __ADC12MCTL0 = 0x80
                0x00000081                __ADC12MCTL1 = 0x81
                0x00000082                __ADC12MCTL2 = 0x82
                0x00000083                __ADC12MCTL3 = 0x83
                0x00000084                __ADC12MCTL4 = 0x84
                0x00000085                __ADC12MCTL5 = 0x85
                0x00000086                __ADC12MCTL6 = 0x86
                0x00000087                __ADC12MCTL7 = 0x87
                0x00000088                __ADC12MCTL8 = 0x88
                0x00000089                __ADC12MCTL9 = 0x89
                0x0000008a                __ADC12MCTL10 = 0x8a
                0x0000008b                __ADC12MCTL11 = 0x8b
                0x0000008c                __ADC12MCTL12 = 0x8c
                0x0000008d                __ADC12MCTL13 = 0x8d
                0x0000008e                __ADC12MCTL14 = 0x8e
                0x0000008f                __ADC12MCTL15 = 0x8f
                0x000001c0                __DAC12_0CTL = 0x1c0
                0x000001c2                __DAC12_1CTL = 0x1c2
                0x000001c8                __DAC12_0DAT = 0x1c8
                0x000001ca                __DAC12_1DAT = 0x1ca
                0x00000122                __DMACTL0 = 0x122
                0x00000124                __DMACTL1 = 0x124
                0x000001e0                __DMA0CTL = 0x1e0
                0x000001e8                __DMA1CTL = 0x1e8
                0x000001f0                __DMA2CTL = 0x1f0
                0x000001e2                __DMA0SA = 0x1e2
                0x000001e4                __DMA0DA = 0x1e4
                0x000001e6                __DMA0SZ = 0x1e6
                0x000001ea                __DMA1SA = 0x1ea
                0x000001ec                __DMA1DA = 0x1ec
                0x000001ee                __DMA1SZ = 0x1ee
                0x000001f2                __DMA2SA = 0x1f2
                0x000001f4                __DMA2DA = 0x1f4
                0x000001f6                __DMA2SZ = 0x1f6

.hash
 *(.hash)

.dynsym
 *(.dynsym)

.dynstr
 *(.dynstr)

.gnu.version
 *(.gnu.version)

.gnu.version_d
 *(.gnu.version_d)

.gnu.version_r
 *(.gnu.version_r)

.rel.init
 *(.rel.init)

.rela.init
 *(.rela.init)

.rel.fini
 *(.rel.fini)

.rela.fini
 *(.rela.fini)

.rel.text
 *(.rel.text .rel.text.* .rel.gnu.linkonce.t.*)

.rela.text
 *(.rela.text .rela.text.* .rela.gnu.linkonce.t.*)

.rel.rodata
 *(.rel.rodata .rel.rodata.* .rel.gnu.linkonce.r.*)

.rela.rodata
 *(.rela.rodata .rela.rodata.* .rela.gnu.linkonce.r.*)

.rel.data
 *(.rel.data .rel.data.* .rel.gnu.linkonce.d.*)

.rela.data
 *(.rela.data .rela.data.* .rela.gnu.linkonce.d.*)

.rel.bss
 *(.rel.bss .rel.bss.* .rel.gnu.linkonce.b.*)

.rela.bss
 *(.rela.bss .rela.bss.* .rela.gnu.linkonce.b.*)

.rel.ctors
 *(.rel.ctors)

.rela.ctors
 *(.rela.ctors)

.rel.dtors
 *(.rel.dtors)

.rela.dtors
 *(.rela.dtors)

.rel.got
 *(.rel.got)

.rela.got
 *(.rela.got)

.rel.plt
 *(.rel.plt)

.rela.plt
 *(.rela.plt)

.text           0x00004000     0xad3c
                0x00004000                . = ALIGN (0x2)
 *(.init .init.*)
 *(.init0)
 .init0         0x00004000        0x0 /usr/lib/gcc/msp430/4.6.3/mmpy-16/libcrt0.a(_reset_vector__.o)
                0x00004000                _reset_vector__
 *(.init1)
 .init1         0x00004000        0xc /usr/lib/gcc/msp430/4.6.3/mmpy-16/libcrt0.a(__watchdog_support.o)
                0x00004000                __watchdog_support
 *(.init2)
 .init2         0x0000400c        0x4 /usr/lib/gcc/msp430/4.6.3/mmpy-16/libcrt0.a(__init_stack.o)
                0x0000400c                __init_stack
 *(.init3)
 .init3         0x00004010        0x0 /usr/lib/gcc/msp430/4.6.3/mmpy-16/libcrt0.a(__low_level_init.o)
                0x00004010                __low_level_init
 *(.init4)
 .init4         0x00004010       0x18 /usr/lib/gcc/msp430/4.6.3/mmpy-16/libcrt0.a(_copy_data.o)
                0x00004010                __do_copy_data
 .init4         0x00004028       0x16 /usr/lib/gcc/msp430/4.6.3/mmpy-16/libcrt0.a(_clear_bss.o)
                0x00004028                __do_clear_bss
 *(.init5)
 *(.init6)
 *(.init7)
 *(.init8)
 *(.init9)
 .init9         0x0000403e      0x2d8 obj_sky/contiki-sky-main.o
                0x0000403e                main
 *(.fini9)
 .fini9         0x00004316        0x0 /usr/lib/gcc/msp430/4.6.3/mmpy-16/libcrt0.a(__stop_progExec__.o)
                0x00004316                __stop_progExec__
 *(.fini8)
 *(.fini7)
 *(.fini6)
 *(.fini5)
 *(.fini4)
 *(.fini3)
 *(.fini2)
 *(.fini1)
 *(.fini0)
 .fini0         0x00004316        0x6 /usr/lib/gcc/msp430/4.6.3/mmpy-16/libcrt0.a(_endless_loop__.o)
                0x00004316                _endless_loop__
 *(.fini .fini.*)
                0x0000431c                . = ALIGN (0x2)
                0x0000431c                __ctors_start = .
 *(.ctors)
                0x0000431c                __ctors_end = .
                0x0000431c                __dtors_start = .
 *(.dtors)
                0x0000431c                __dtors_end = .
                0x0000431c                . = ALIGN (0x2)
 *(.text .text.* .gnu.linkonce.t.*)
 .text          0x0000431c        0x4 /usr/lib/gcc/msp430/4.6.3/mmpy-16/crt0ivtbl16.o
                0x0000431c                __isr_14
                0x0000431c                __isr_11
                0x0000431c                __isr_2
                0x0000431c                __isr_7
                0x0000431c                __isr_0
                0x0000431c                __isr_8
                0x0000431c                __isr_3
                0x0000431c                __isr_12
                0x0000431c                __isr_13
                0x0000431c                __isr_9
 .text.receiver
                0x00004320       0x38 unicast-receiver.co
 .text.process_thread_unicast_receiver_process
                0x00004358      0x136 unicast-receiver.co
 .text.start_network_layer
                0x0000448e       0xa2 obj_sky/contiki-sky-main.o
 .text.purge_registrations
                0x00004530       0x7e contiki-sky.a(servreg-hack.o)
 .text.servreg_hack_init
                0x000045ae       0x2e contiki-sky.a(servreg-hack.o)
                0x000045ae                servreg_hack_init
 .text.servreg_hack_register
                0x000045dc       0x9a contiki-sky.a(servreg-hack.o)
                0x000045dc                servreg_hack_register
 .text.servreg_hack_list_head
                0x00004676        0xe contiki-sky.a(servreg-hack.o)
                0x00004676                servreg_hack_list_head
 .text.process_thread_servreg_hack_process
                0x00004684      0x230 contiki-sky.a(servreg-hack.o)
 .text.init_platform
                0x000048b4        0xc contiki-sky.a(contiki-sky-pla)
                0x000048b4                init_platform
 .text.status   0x000048c0       0x16 contiki-sky.a(button-sensor.o)
 .text.configure
                0x000048d6       0x52 contiki-sky.a(button-sensor.o)
 .text.value    0x00004928       0x22 contiki-sky.a(button-sensor.o)
 .text.irq_p2   0x0000494a       0x8a contiki-sky.a(button-sensor.o)
                0x0000494a                irq_p2
                0x0000494a                __isr_1
 .text.owreadb  0x000049d4       0x52 contiki-sky.a(ds2411.o)
 .text.ds2411_init
                0x00004a26      0x122 contiki-sky.a(ds2411.o)
                0x00004a26                ds2411_init
 .text.wait_ready
                0x00004b48       0x50 contiki-sky.a(xmem.o)
 .text.xmem_init
                0x00004b98       0x3e contiki-sky.a(xmem.o)
                0x00004b98                xmem_init
 .text.xmem_pread
                0x00004bd6       0xea contiki-sky.a(xmem.o)
                0x00004bd6                xmem_pread
 .text.node_id_restore
                0x00004cc0       0x38 contiki-sky.a(node-id.o)
                0x00004cc0                node_id_restore
 .text.process_thread_sensors_process
                0x00004cf8       0xbe contiki-sky.a(sensors.o)
 .text.sensors_changed
                0x00004db6       0x2a contiki-sky.a(sensors.o)
                0x00004db6                sensors_changed
 .text.get_object
                0x00004de0        0x4 contiki-sky.a(cc2420.o)
 .text.set_object
                0x00004de4        0x4 contiki-sky.a(cc2420.o)
 .text.strobe   0x00004de8       0x20 contiki-sky.a(cc2420.o)
 .text.getreg   0x00004e08       0x54 contiki-sky.a(cc2420.o)
 .text.setreg   0x00004e5c       0x52 contiki-sky.a(cc2420.o)
 .text.write_ram
                0x00004eae       0x80 contiki-sky.a(cc2420.o)
 .text.write_fifo_buf
                0x00004f2e       0x40 contiki-sky.a(cc2420.o)
 .text.get_status
                0x00004f6e       0x24 contiki-sky.a(cc2420.o)
 .text.set_txpower
                0x00004f92       0x26 contiki-sky.a(cc2420.o)
 .text.cc2420_receiving_packet
                0x00004fb8        0xe contiki-sky.a(cc2420.o)
 .text.pending_packet
                0x00004fc6        0x8 contiki-sky.a(cc2420.o)
 .text.on       0x00004fce       0x1e contiki-sky.a(cc2420.o)
 .text.wait_for_transmission
                0x00004fec       0x22 contiki-sky.a(cc2420.o)
 .text.wait_for_status
                0x0000500e       0x2a contiki-sky.a(cc2420.o)
 .text.getrxdata
                0x00005038       0x56 contiki-sky.a(cc2420.o)
 .text.flushrx  0x0000508e       0x1a contiki-sky.a(cc2420.o)
 .text.off      0x000050a8       0x5a contiki-sky.a(cc2420.o)
 .text.RELEASE_LOCK
                0x00005102       0x28 contiki-sky.a(cc2420.o)
 .text.set_key  0x0000512a       0x18 contiki-sky.a(cc2420.o)
 .text.cc2420_prepare
                0x00005142       0x3c contiki-sky.a(cc2420.o)
 .text.cc2420_on
                0x0000517e       0x22 contiki-sky.a(cc2420.o)
                0x0000517e                cc2420_on
 .text.cc2420_off
                0x000051a0       0x30 contiki-sky.a(cc2420.o)
                0x000051a0                cc2420_off
 .text.cc2420_cca
                0x000051d0       0x5e contiki-sky.a(cc2420.o)
 .text.cc2420_read
                0x0000522e       0xb0 contiki-sky.a(cc2420.o)
 .text.process_thread_cc2420_process
                0x000052de       0x50 contiki-sky.a(cc2420.o)
 .text.encrypt  0x0000532e       0x8e contiki-sky.a(cc2420.o)
 .text.cc2420_set_channel
                0x000053bc       0x3c contiki-sky.a(cc2420.o)
                0x000053bc                cc2420_set_channel
 .text.cc2420_set_pan_addr
                0x000053f8       0x4c contiki-sky.a(cc2420.o)
                0x000053f8                cc2420_set_pan_addr
 .text.cc2420_interrupt
                0x00005444       0x18 contiki-sky.a(cc2420.o)
                0x00005444                cc2420_interrupt
 .text.cc2420_set_txpower
                0x0000545c        0xe contiki-sky.a(cc2420.o)
                0x0000545c                cc2420_set_txpower
 .text.cc2420_get_txpower
                0x0000546a       0x1e contiki-sky.a(cc2420.o)
                0x0000546a                cc2420_get_txpower
 .text.cc2420_transmit
                0x00005488      0x10e contiki-sky.a(cc2420.o)
 .text.cc2420_send
                0x00005596       0x12 contiki-sky.a(cc2420.o)
 .text.cc2420_rssi
                0x000055a8       0x4c contiki-sky.a(cc2420.o)
                0x000055a8                cc2420_rssi
 .text.get_value
                0x000055f4       0xac contiki-sky.a(cc2420.o)
 .text.cc2420_set_cca_threshold
                0x000056a0       0x16 contiki-sky.a(cc2420.o)
                0x000056a0                cc2420_set_cca_threshold
 .text.set_value
                0x000056b6       0x8a contiki-sky.a(cc2420.o)
 .text.cc2420_init
                0x00005740       0xde contiki-sky.a(cc2420.o)
                0x00005740                cc2420_init
 .text.cc2420_port1_interrupt
                0x0000581e       0x62 contiki-sky.a(cc2420-arch.o)
                0x0000581e                __isr_4
                0x0000581e                cc2420_port1_interrupt
 .text.cc2420_arch_init
                0x00005880       0x1a contiki-sky.a(cc2420-arch.o)
                0x00005880                cc2420_arch_init
 .text.uart1_active
                0x0000589a       0x1a contiki-sky.a(uart1.o)
                0x0000589a                uart1_active
 .text.uart1_writeb
                0x000058b4       0x1a contiki-sky.a(uart1.o)
                0x000058b4                uart1_writeb
 .text.uart1_init
                0x000058ce       0xf6 contiki-sky.a(uart1.o)
                0x000058ce                uart1_init
 .text.putchar  0x000059c4       0x10 contiki-sky.a(uart1-putchar.o)
                0x000059c4                putchar
 .text.msp430_init_dco
                0x000059d4       0x84 contiki-sky.a(msp430.o)
                0x000059d4                msp430_init_dco
 .text.msp430_add_lpm_req
                0x00005a58        0xc contiki-sky.a(msp430.o)
                0x00005a58                msp430_add_lpm_req
 .text.msp430_cpu_init
                0x00005a64       0x2a contiki-sky.a(msp430.o)
                0x00005a64                msp430_cpu_init
 .text.splhigh_
                0x00005a8e        0x8 contiki-sky.a(msp430.o)
                0x00005a8e                splhigh_
 .text.msp430_sync_dco
                0x00005a96       0x68 contiki-sky.a(msp430.o)
                0x00005a96                msp430_sync_dco
 .text.timera1  0x00005afe      0x11e contiki-sky.a(clock.o)
                0x00005afe                __isr_5
                0x00005afe                timera1
 .text.clock_time
                0x00005c1c       0x1a contiki-sky.a(clock.o)
                0x00005c1c                clock_time
 .text.clock_init
                0x00005c36       0x28 contiki-sky.a(clock.o)
                0x00005c36                clock_init
 .text.clock_delay
                0x00005c5e        0xc contiki-sky.a(clock.o)
                0x00005c5e                clock_delay
 .text.clock_seconds
                0x00005c6a       0x1a contiki-sky.a(clock.o)
                0x00005c6a                clock_seconds
 .text.show_leds
                0x00005c84       0xf6 contiki-sky.a(leds.o)
 .text.leds_init
                0x00005d7a        0xa contiki-sky.a(leds.o)
                0x00005d7a                leds_init
 .text.leds_on  0x00005d84        0xa contiki-sky.a(leds.o)
                0x00005d84                leds_on
 .text.leds_off
                0x00005d8e        0xe contiki-sky.a(leds.o)
                0x00005d8e                leds_off
 .text.leds_arch_init
                0x00005d9c        0xe contiki-sky.a(leds-arch.o)
                0x00005d9c                leds_arch_init
 .text.leds_arch_set
                0x00005daa       0x3a contiki-sky.a(leds-arch.o)
                0x00005daa                leds_arch_set
 .text.watchdog_interrupt
                0x00005de4        0x6 contiki-sky.a(watchdog.o)
                0x00005de4                __isr_10
                0x00005de4                watchdog_interrupt
 .text.watchdog_start
                0x00005dea       0x14 contiki-sky.a(watchdog.o)
                0x00005dea                watchdog_start
 .text.watchdog_periodic
                0x00005dfe       0x12 contiki-sky.a(watchdog.o)
                0x00005dfe                watchdog_periodic
 .text.watchdog_stop
                0x00005e10       0x16 contiki-sky.a(watchdog.o)
                0x00005e10                watchdog_stop
 .text.watchdog_init
                0x00005e26       0x14 contiki-sky.a(watchdog.o)
                0x00005e26                watchdog_init
 .text.rtimer_arch_init
                0x00005e3a        0xe contiki-sky.a(rtimer-arch.o)
                0x00005e3a                rtimer_arch_init
 .text.rtimer_arch_now
                0x00005e48        0xe contiki-sky.a(rtimer-arch.o)
                0x00005e48                rtimer_arch_now
 .text.timera0  0x00005e56       0x70 contiki-sky.a(rtimer-arch.o)
                0x00005e56                __isr_6
                0x00005e56                timera0
 .text.rtimer_arch_schedule
                0x00005ec6        0x6 contiki-sky.a(rtimer-arch.o)
                0x00005ec6                rtimer_arch_schedule
 .text.autostart_start
                0x00005ecc       0x16 contiki-sky.a(autostart.o)
                0x00005ecc                autostart_start
 .text.process_thread_ctimer_process
                0x00005ee2       0xa4 contiki-sky.a(ctimer.o)
 .text.ctimer_init
                0x00005f86       0x18 contiki-sky.a(ctimer.o)
                0x00005f86                ctimer_init
 .text.ctimer_set
                0x00005f9e       0x50 contiki-sky.a(ctimer.o)
                0x00005f9e                ctimer_set
 .text.ctimer_reset
                0x00005fee       0x30 contiki-sky.a(ctimer.o)
                0x00005fee                ctimer_reset
 .text.ctimer_stop
                0x0000601e       0x28 contiki-sky.a(ctimer.o)
                0x0000601e                ctimer_stop
 .text.energest_init
                0x00006046       0x28 contiki-sky.a(energest.o)
                0x00006046                energest_init
 .text.energest_type_time
                0x0000606e       0x46 contiki-sky.a(energest.o)
                0x0000606e                energest_type_time
 .text.energest_type_set
                0x000060b4        0xe contiki-sky.a(energest.o)
                0x000060b4                energest_type_set
 .text.energest_flush
                0x000060c2       0x48 contiki-sky.a(energest.o)
                0x000060c2                energest_flush
 .text.update_time
                0x0000610a       0x78 contiki-sky.a(etimer.o)
 .text.etimer_request_poll
                0x00006182        0xa contiki-sky.a(etimer.o)
                0x00006182                etimer_request_poll
 .text.process_thread_etimer_process
                0x0000618c       0xc8 contiki-sky.a(etimer.o)
 .text.add_timer
                0x00006254       0x40 contiki-sky.a(etimer.o)
 .text.etimer_set
                0x00006294       0x12 contiki-sky.a(etimer.o)
                0x00006294                etimer_set
 .text.etimer_reset
                0x000062a6       0x12 contiki-sky.a(etimer.o)
                0x000062a6                etimer_reset
 .text.etimer_restart
                0x000062b8       0x12 contiki-sky.a(etimer.o)
                0x000062b8                etimer_restart
 .text.etimer_expired
                0x000062ca        0xe contiki-sky.a(etimer.o)
                0x000062ca                etimer_expired
 .text.etimer_expiration_time
                0x000062d8       0x14 contiki-sky.a(etimer.o)
                0x000062d8                etimer_expiration_time
 .text.etimer_pending
                0x000062ec        0xc contiki-sky.a(etimer.o)
                0x000062ec                etimer_pending
 .text.etimer_next_expiration_time
                0x000062f8       0x16 contiki-sky.a(etimer.o)
                0x000062f8                etimer_next_expiration_time
 .text.etimer_stop
                0x0000630e       0x3c contiki-sky.a(etimer.o)
                0x0000630e                etimer_stop
 .text.call_process
                0x0000634a       0x4a contiki-sky.a(process.o)
 .text.exit_process
                0x00006394       0x96 contiki-sky.a(process.o)
 .text.do_poll  0x0000642a       0x30 contiki-sky.a(process.o)
 .text.process_alloc_event
                0x0000645a        0xe contiki-sky.a(process.o)
                0x0000645a                process_alloc_event
 .text.process_init
                0x00006468       0x1c contiki-sky.a(process.o)
                0x00006468                process_init
 .text.process_run
                0x00006484       0xa2 contiki-sky.a(process.o)
                0x00006484                process_run
 .text.process_nevents
                0x00006526        0xe contiki-sky.a(process.o)
                0x00006526                process_nevents
 .text.process_post
                0x00006534       0x54 contiki-sky.a(process.o)
                0x00006534                process_post
 .text.process_post_synch
                0x00006588       0x12 contiki-sky.a(process.o)
                0x00006588                process_post_synch
 .text.process_start
                0x0000659a       0x32 contiki-sky.a(process.o)
                0x0000659a                process_start
 .text.process_poll
                0x000065cc       0x18 contiki-sky.a(process.o)
                0x000065cc                process_poll
 .text.rtimer_init
                0x000065e4        0x6 contiki-sky.a(rtimer.o)
                0x000065e4                rtimer_init
 .text.rtimer_set
                0x000065ea       0x24 contiki-sky.a(rtimer.o)
                0x000065ea                rtimer_set
 .text.rtimer_run_next
                0x0000660e       0x26 contiki-sky.a(rtimer.o)
                0x0000660e                rtimer_run_next
 .text.timer_set
                0x00006634       0x1c contiki-sky.a(timer.o)
                0x00006634                timer_set
 .text.timer_reset
                0x00006650        0xe contiki-sky.a(timer.o)
                0x00006650                timer_reset
 .text.timer_restart
                0x0000665e       0x14 contiki-sky.a(timer.o)
                0x0000665e                timer_restart
 .text.timer_expired
                0x00006672       0x2a contiki-sky.a(timer.o)
                0x00006672                timer_expired
 .text.list_init
                0x0000669c        0x6 contiki-sky.a(list.o)
                0x0000669c                list_init
 .text.list_head
                0x000066a2        0x4 contiki-sky.a(list.o)
                0x000066a2                list_head
 .text.list_tail
                0x000066a6       0x12 contiki-sky.a(list.o)
                0x000066a6                list_tail
 .text.list_remove
                0x000066b8       0x34 contiki-sky.a(list.o)
                0x000066b8                list_remove
 .text.list_push
                0x000066ec       0x1a contiki-sky.a(list.o)
                0x000066ec                list_push
 .text.list_add
                0x00006706       0x2a contiki-sky.a(list.o)
                0x00006706                list_add
 .text.list_length
                0x00006730       0x10 contiki-sky.a(list.o)
                0x00006730                list_length
 .text.list_item_next
                0x00006740        0xc contiki-sky.a(list.o)
                0x00006740                list_item_next
 .text.memb_init
                0x0000674c       0x36 contiki-sky.a(memb.o)
                0x0000674c                memb_init
 .text.memb_alloc
                0x00006782       0x3e contiki-sky.a(memb.o)
                0x00006782                memb_alloc
 .text.memb_free
                0x000067c0       0x3a contiki-sky.a(memb.o)
                0x000067c0                memb_free
 .text.memb_inmemb
                0x000067fa       0x2e contiki-sky.a(memb.o)
                0x000067fa                memb_inmemb
 .text.memb_numfree
                0x00006828       0x26 contiki-sky.a(memb.o)
                0x00006828                memb_numfree
 .text.random_init
                0x0000684e        0x6 contiki-sky.a(random.o)
                0x0000684e                random_init
 .text.random_rand
                0x00006854        0x6 contiki-sky.a(random.o)
                0x00006854                random_rand
 .text.set_packet_attrs
                0x0000685a       0x44 contiki-sky.a(sicslowpan.o)
 .text.addr_context_lookup_by_number
                0x0000689e       0x36 contiki-sky.a(sicslowpan.o)
 .text.compress_addr_64
                0x000068d4       0xae contiki-sky.a(sicslowpan.o)
 .text.uncompress_addr
                0x00006982       0xb4 contiki-sky.a(sicslowpan.o)
 .text.input    0x00006a36      0x65c contiki-sky.a(sicslowpan.o)
 .text.sicslowpan_init
                0x00007092       0x26 contiki-sky.a(sicslowpan.o)
                0x00007092                sicslowpan_init
 .text.addr_context_lookup_by_prefix
                0x000070b8       0x4c contiki-sky.a(sicslowpan.o)
 .text.send_packet
                0x00007104       0x1a contiki-sky.a(sicslowpan.o)
 .text.output   0x0000711e      0x6da contiki-sky.a(sicslowpan.o)
 .text.packet_sent
                0x000077f8       0x22 contiki-sky.a(sicslowpan.o)
 .text.chksum   0x0000781a       0x32 contiki-sky.a(uip6.o)
 .text.upper_layer_chksum
                0x0000784c       0x56 contiki-sky.a(uip6.o)
 .text.ext_hdr_options_process
                0x000078a2       0xda contiki-sky.a(uip6.o)
 .text.uip_add32
                0x0000797c       0x68 contiki-sky.a(uip6.o)
                0x0000797c                uip_add32
 .text.unlikely.uip_add_rcv_nxt
                0x000079e4       0x2e contiki-sky.a(uip6.o)
 .text.uip_icmp6chksum
                0x00007a12        0xa contiki-sky.a(uip6.o)
                0x00007a12                uip_icmp6chksum
 .text.uip_tcpchksum
                0x00007a1c        0xa contiki-sky.a(uip6.o)
                0x00007a1c                uip_tcpchksum
 .text.uip_udpchksum
                0x00007a26        0xa contiki-sky.a(uip6.o)
                0x00007a26                uip_udpchksum
 .text.uip_init
                0x00007a30       0x7a contiki-sky.a(uip6.o)
                0x00007a30                uip_init
 .text.remove_ext_hdr
                0x00007aaa       0x5a contiki-sky.a(uip6.o)
                0x00007aaa                remove_ext_hdr
 .text.uip_udp_new
                0x00007b04       0xf4 contiki-sky.a(uip6.o)
                0x00007b04                uip_udp_new
 .text.uip_unlisten
                0x00007bf8       0x2a contiki-sky.a(uip6.o)
                0x00007bf8                uip_unlisten
 .text.uip_process
                0x00007c22      0xe9e contiki-sky.a(uip6.o)
                0x00007c22                uip_process
 .text.uip_htonl
                0x00008ac0       0x2e contiki-sky.a(uip6.o)
                0x00008ac0                uip_htonl
 .text.uip_ds6_list_loop
                0x00008aee       0x86 contiki-sky.a(uip-ds6.o)
                0x00008aee                uip_ds6_list_loop
 .text.uip_ds6_prefix_add
                0x00008b74       0x80 contiki-sky.a(uip-ds6.o)
                0x00008b74                uip_ds6_prefix_add
 .text.uip_ds6_is_addr_onlink
                0x00008bf4       0x54 contiki-sky.a(uip-ds6.o)
                0x00008bf4                uip_ds6_is_addr_onlink
 .text.uip_ds6_addr_lookup
                0x00008c48       0x2a contiki-sky.a(uip-ds6.o)
                0x00008c48                uip_ds6_addr_lookup
 .text.uip_ds6_get_link_local
                0x00008c72       0x3e contiki-sky.a(uip-ds6.o)
                0x00008c72                uip_ds6_get_link_local
 .text.uip_ds6_maddr_add
                0x00008cb0       0x4c contiki-sky.a(uip-ds6.o)
                0x00008cb0                uip_ds6_maddr_add
 .text.uip_ds6_addr_add
                0x00008cfc       0xc4 contiki-sky.a(uip-ds6.o)
                0x00008cfc                uip_ds6_addr_add
 .text.uip_ds6_maddr_lookup
                0x00008dc0       0x2a contiki-sky.a(uip-ds6.o)
                0x00008dc0                uip_ds6_maddr_lookup
 .text.uip_ds6_addr_rm
                0x00008dea       0x54 contiki-sky.a(uip-ds6.o)
                0x00008dea                uip_ds6_addr_rm
 .text.uip_ds6_periodic
                0x00008e3e       0x4a contiki-sky.a(uip-ds6.o)
                0x00008e3e                uip_ds6_periodic
 .text.uip_ds6_set_addr_iid
                0x00008e88       0x14 contiki-sky.a(uip-ds6.o)
                0x00008e88                uip_ds6_set_addr_iid
 .text.get_match_length
                0x00008e9c       0x3e contiki-sky.a(uip-ds6.o)
                0x00008e9c                get_match_length
 .text.uip_ds6_select_src
                0x00008eda       0xaa contiki-sky.a(uip-ds6.o)
                0x00008eda                uip_ds6_select_src
 .text.uip_ds6_compute_reachable_time
                0x00008f84       0x3e contiki-sky.a(uip-ds6.o)
                0x00008f84                uip_ds6_compute_reachable_time
 .text.uip_ds6_init
                0x00008fc2      0x154 contiki-sky.a(uip-ds6.o)
                0x00008fc2                uip_ds6_init
 .text.uip_ds6_nbr_rm
                0x00009116       0x1a contiki-sky.a(uip-ds6-nbr.o)
                0x00009116                uip_ds6_nbr_rm
 .text.uip_ds6_neighbors_init
                0x00009130        0xe contiki-sky.a(uip-ds6-nbr.o)
                0x00009130                uip_ds6_neighbors_init
 .text.uip_ds6_nbr_add
                0x0000913e       0x60 contiki-sky.a(uip-ds6-nbr.o)
                0x0000913e                uip_ds6_nbr_add
 .text.uip_ds6_nbr_get_ll
                0x0000919e        0xc contiki-sky.a(uip-ds6-nbr.o)
                0x0000919e                uip_ds6_nbr_get_ll
 .text.uip_ds6_nbr_lookup
                0x000091aa       0x42 contiki-sky.a(uip-ds6-nbr.o)
                0x000091aa                uip_ds6_nbr_lookup
 .text.uip_ds6_nbr_ll_lookup
                0x000091ec        0xc contiki-sky.a(uip-ds6-nbr.o)
                0x000091ec                uip_ds6_nbr_ll_lookup
 .text.uip_ds6_nbr_ipaddr_from_lladdr
                0x000091f8        0x6 contiki-sky.a(uip-ds6-nbr.o)
                0x000091f8                uip_ds6_nbr_ipaddr_from_lladdr
 .text.uip_ds6_nbr_lladdr_from_ipaddr
                0x000091fe       0x12 contiki-sky.a(uip-ds6-nbr.o)
                0x000091fe                uip_ds6_nbr_lladdr_from_ipaddr
 .text.uip_ds6_link_neighbor_callback
                0x00009210       0x2a contiki-sky.a(uip-ds6-nbr.o)
                0x00009210                uip_ds6_link_neighbor_callback
 .text.uip_ds6_neighbor_periodic
                0x0000923a       0x60 contiki-sky.a(uip-ds6-nbr.o)
                0x0000923a                uip_ds6_neighbor_periodic
 .text.call_route_callback
                0x0000929a       0x4c contiki-sky.a(uip-ds6-route.o)
 .text.uip_ds6_route_init
                0x000092e6       0x36 contiki-sky.a(uip-ds6-route.o)
                0x000092e6                uip_ds6_route_init
 .text.uip_ds6_route_nexthop
                0x0000931c       0x1a contiki-sky.a(uip-ds6-route.o)
                0x0000931c                uip_ds6_route_nexthop
 .text.uip_ds6_route_head
                0x00009336        0xa contiki-sky.a(uip-ds6-route.o)
                0x00009336                uip_ds6_route_head
 .text.uip_ds6_route_next
                0x00009340        0xe contiki-sky.a(uip-ds6-route.o)
                0x00009340                uip_ds6_route_next
 .text.uip_ds6_route_lookup
                0x0000934e       0x8c contiki-sky.a(uip-ds6-route.o)
                0x0000934e                uip_ds6_route_lookup
 .text.uip_ds6_route_rm
                0x000093da       0xa4 contiki-sky.a(uip-ds6-route.o)
                0x000093da                uip_ds6_route_rm
 .text.rm_routelist
                0x0000947e       0x34 contiki-sky.a(uip-ds6-route.o)
 .text.rm_routelist_callback
                0x000094b2        0x6 contiki-sky.a(uip-ds6-route.o)
 .text.uip_ds6_route_add
                0x000094b8      0x10c contiki-sky.a(uip-ds6-route.o)
                0x000094b8                uip_ds6_route_add
 .text.uip_ds6_defrt_rm
                0x000095c4       0x48 contiki-sky.a(uip-ds6-route.o)
                0x000095c4                uip_ds6_defrt_rm
 .text.uip_ds6_defrt_lookup
                0x0000960c       0x36 contiki-sky.a(uip-ds6-route.o)
                0x0000960c                uip_ds6_defrt_lookup
 .text.uip_ds6_defrt_add
                0x00009642       0x74 contiki-sky.a(uip-ds6-route.o)
                0x00009642                uip_ds6_defrt_add
 .text.uip_ds6_defrt_choose
                0x000096b6       0x3a contiki-sky.a(uip-ds6-route.o)
                0x000096b6                uip_ds6_defrt_choose
 .text.uip_ds6_defrt_periodic
                0x000096f0       0x38 contiki-sky.a(uip-ds6-route.o)
                0x000096f0                uip_ds6_defrt_periodic
 .text.echo_reply_input
                0x00009728      0x112 contiki-sky.a(uip-icmp6.o)
 .text.echo_request_input
                0x0000983a      0x12c contiki-sky.a(uip-icmp6.o)
 .text.uip_icmp6_input
                0x00009966       0x44 contiki-sky.a(uip-icmp6.o)
                0x00009966                uip_icmp6_input
 .text.uip_icmp6_register_input_handler
                0x000099aa        0xc contiki-sky.a(uip-icmp6.o)
                0x000099aa                uip_icmp6_register_input_handler
 .text.uip_icmp6_error_output
                0x000099b6      0x17a contiki-sky.a(uip-icmp6.o)
                0x000099b6                uip_icmp6_error_output
 .text.uip_icmp6_send
                0x00009b30       0x96 contiki-sky.a(uip-icmp6.o)
                0x00009b30                uip_icmp6_send
 .text.uip_icmp6_init
                0x00009bc6       0x12 contiki-sky.a(uip-icmp6.o)
                0x00009bc6                uip_icmp6_init
 .text.uip_nd6_init
                0x00009bd8        0x2 contiki-sky.a(uip-nd6.o)
                0x00009bd8                uip_nd6_init
 .text.process_thread_simple_udp_process
                0x00009bda       0xac contiki-sky.a(simple-udp.o)
 .text.simple_udp_register
                0x00009c86       0x9a contiki-sky.a(simple-udp.o)
                0x00009c86                simple_udp_register
 .text.start_periodic_tcp_timer
                0x00009d20       0x16 contiki-sky.a(tcpip.o)
 .text.tcpip_output
                0x00009d36       0x10 contiki-sky.a(tcpip.o)
                0x00009d36                tcpip_output
 .text.tcpip_set_outputfunc
                0x00009d46        0x6 contiki-sky.a(tcpip.o)
                0x00009d46                tcpip_set_outputfunc
 .text.udp_new  0x00009d4c       0x1a contiki-sky.a(tcpip.o)
                0x00009d4c                udp_new
 .text.udp_broadcast_new
                0x00009d66       0x46 contiki-sky.a(tcpip.o)
                0x00009d66                udp_broadcast_new
 .text.tcpip_input
                0x00009dac       0x16 contiki-sky.a(tcpip.o)
                0x00009dac                tcpip_input
 .text.tcpip_ipv6_output
                0x00009dc2       0xce contiki-sky.a(tcpip.o)
                0x00009dc2                tcpip_ipv6_output
 .text.process_thread_tcpip_process
                0x00009e90      0x1d0 contiki-sky.a(tcpip.o)
 .text.tcpip_uipcall
                0x0000a060       0x72 contiki-sky.a(tcpip.o)
                0x0000a060                tcpip_uipcall
 .text.uip_debug_ipaddr_print
                0x0000a0d2       0x7c contiki-sky.a(uip-debug.o)
                0x0000a0d2                uip_debug_ipaddr_print
 .text.uip_udp_packet_send
                0x0000a14e       0x2e contiki-sky.a(uip-udp-packet.)
                0x0000a14e                uip_udp_packet_send
 .text.rpl_get_mode
                0x0000a17c        0x6 contiki-sky.a(rpl.o)
                0x0000a17c                rpl_get_mode
 .text.rpl_purge_routes
                0x0000a182       0x96 contiki-sky.a(rpl.o)
                0x0000a182                rpl_purge_routes
 .text.rpl_remove_routes
                0x0000a218       0x22 contiki-sky.a(rpl.o)
                0x0000a218                rpl_remove_routes
 .text.rpl_remove_routes_by_nexthop
                0x0000a23a       0x46 contiki-sky.a(rpl.o)
                0x0000a23a                rpl_remove_routes_by_nexthop
 .text.rpl_add_route
                0x0000a280       0x44 contiki-sky.a(rpl.o)
                0x0000a280                rpl_add_route
 .text.rpl_link_neighbor_callback
                0x0000a2c4       0x7c contiki-sky.a(rpl.o)
                0x0000a2c4                rpl_link_neighbor_callback
 .text.rpl_ipv6_neighbor_callback
                0x0000a340       0x1e contiki-sky.a(rpl.o)
                0x0000a340                rpl_ipv6_neighbor_callback
 .text.rpl_init
                0x0000a35e       0x4a contiki-sky.a(rpl.o)
                0x0000a35e                rpl_init
 .text.lollipop_greater_than
                0x0000a3a8       0x44 contiki-sky.a(rpl-dag.o)
 .text.acceptable_rank
                0x0000a3ec       0x50 contiki-sky.a(rpl-dag.o)
 .text.find_parent_any_dag_any_instance
                0x0000a43c       0x14 contiki-sky.a(rpl-dag.o)
 .text.rpl_set_preferred_parent
                0x0000a450       0x30 contiki-sky.a(rpl-dag.o)
 .text.set_ip_from_prefix
                0x0000a480       0x38 contiki-sky.a(rpl-dag.o)
 .text.check_prefix
                0x0000a4b8       0x80 contiki-sky.a(rpl-dag.o)
 .text.rpl_get_nbr
                0x0000a538       0x1e contiki-sky.a(rpl-dag.o)
                0x0000a538                rpl_get_nbr
 .text.rpl_dag_init
                0x0000a556        0xe contiki-sky.a(rpl-dag.o)
                0x0000a556                rpl_dag_init
 .text.rpl_get_parent
                0x0000a564        0xc contiki-sky.a(rpl-dag.o)
                0x0000a564                rpl_get_parent
 .text.rpl_get_parent_ipaddr
                0x0000a570       0x10 contiki-sky.a(rpl-dag.o)
                0x0000a570                rpl_get_parent_ipaddr
 .text.rpl_set_prefix
                0x0000a580       0x8e contiki-sky.a(rpl-dag.o)
                0x0000a580                rpl_set_prefix
 .text.rpl_set_default_route
                0x0000a60e       0x5a contiki-sky.a(rpl-dag.o)
                0x0000a60e                rpl_set_default_route
 .text.rpl_alloc_instance
                0x0000a668       0x34 contiki-sky.a(rpl-dag.o)
                0x0000a668                rpl_alloc_instance
 .text.rpl_add_parent
                0x0000a69c       0x56 contiki-sky.a(rpl-dag.o)
                0x0000a69c                rpl_add_parent
 .text.rpl_find_parent
                0x0000a6f2       0x1a contiki-sky.a(rpl-dag.o)
                0x0000a6f2                rpl_find_parent
 .text.rpl_find_parent_any_dag
                0x0000a70c       0x22 contiki-sky.a(rpl-dag.o)
                0x0000a70c                rpl_find_parent_any_dag
 .text.rpl_select_parent
                0x0000a72e       0x7e contiki-sky.a(rpl-dag.o)
                0x0000a72e                rpl_select_parent
 .text.rpl_select_dag
                0x0000a7ac      0x182 contiki-sky.a(rpl-dag.o)
                0x0000a7ac                rpl_select_dag
 .text.rpl_nullify_parent
                0x0000a92e       0x54 contiki-sky.a(rpl-dag.o)
                0x0000a92e                rpl_nullify_parent
 .text.rpl_remove_parent
                0x0000a982       0x16 contiki-sky.a(rpl-dag.o)
                0x0000a982                rpl_remove_parent
 .text.nbr_callback
                0x0000a998        0x6 contiki-sky.a(rpl-dag.o)
 .text.remove_parents.constprop.2
                0x0000a99e       0x32 contiki-sky.a(rpl-dag.o)
 .text.rpl_free_dag
                0x0000a9d0       0x36 contiki-sky.a(rpl-dag.o)
                0x0000a9d0                rpl_free_dag
 .text.rpl_move_parent
                0x0000aa06       0x5a contiki-sky.a(rpl-dag.o)
                0x0000aa06                rpl_move_parent
 .text.rpl_get_any_dag
                0x0000aa60       0x18 contiki-sky.a(rpl-dag.o)
                0x0000aa60                rpl_get_any_dag
 .text.rpl_get_instance
                0x0000aa78       0x1a contiki-sky.a(rpl-dag.o)
                0x0000aa78                rpl_get_instance
 .text.rpl_alloc_dag
                0x0000aa92       0x60 contiki-sky.a(rpl-dag.o)
                0x0000aa92                rpl_alloc_dag
 .text.rpl_repair_root
                0x0000aaf2       0x50 contiki-sky.a(rpl-dag.o)
                0x0000aaf2                rpl_repair_root
 .text.rpl_set_root
                0x0000ab42      0x136 contiki-sky.a(rpl-dag.o)
                0x0000ab42                rpl_set_root
 .text.rpl_find_of
                0x0000ac78       0x10 contiki-sky.a(rpl-dag.o)
                0x0000ac78                rpl_find_of
 .text.rpl_join_instance
                0x0000ac88      0x13c contiki-sky.a(rpl-dag.o)
                0x0000ac88                rpl_join_instance
 .text.rpl_local_repair
                0x0000adc4       0x7c contiki-sky.a(rpl-dag.o)
                0x0000adc4                rpl_local_repair
 .text.rpl_process_parent_event
                0x0000ae40       0x4e contiki-sky.a(rpl-dag.o)
                0x0000ae40                rpl_process_parent_event
 .text.rpl_recalculate_ranks
                0x0000ae8e       0x48 contiki-sky.a(rpl-dag.o)
                0x0000ae8e                rpl_recalculate_ranks
 .text.rpl_add_dag
                0x0000aed6      0x112 contiki-sky.a(rpl-dag.o)
                0x0000aed6                rpl_add_dag
 .text.rpl_process_dio
                0x0000afe8      0x2e2 contiki-sky.a(rpl-dag.o)
                0x0000afe8                rpl_process_dio
 .text.rpl_lock_parent
                0x0000b2ca        0xc contiki-sky.a(rpl-dag.o)
                0x0000b2ca                rpl_lock_parent
 .text.rpl_verify_header
                0x0000b2d6       0xba contiki-sky.a(rpl-ext-header.)
                0x0000b2d6                rpl_verify_header
 .text.rpl_update_header_empty
                0x0000b390      0x126 contiki-sky.a(rpl-ext-header.)
                0x0000b390                rpl_update_header_empty
 .text.rpl_update_header_final
                0x0000b4b6       0x94 contiki-sky.a(rpl-ext-header.)
                0x0000b4b6                rpl_update_header_final
 .text.rpl_invert_header
                0x0000b54a       0x7a contiki-sky.a(rpl-ext-header.)
                0x0000b54a                rpl_invert_header
 .text.rpl_insert_header
                0x0000b5c4       0x12 contiki-sky.a(rpl-ext-header.)
                0x0000b5c4                rpl_insert_header
 .text.get32    0x0000b5d6       0x46 contiki-sky.a(rpl-icmp6.o)
 .text.set32    0x0000b61c       0x2a contiki-sky.a(rpl-icmp6.o)
 .text.get16    0x0000b646        0xe contiki-sky.a(rpl-icmp6.o)
 .text.set16    0x0000b654       0x10 contiki-sky.a(rpl-icmp6.o)
 .text.dao_ack_input
                0x0000b664        0x6 contiki-sky.a(rpl-icmp6.o)
 .text.dio_input
                0x0000b66a      0x2d2 contiki-sky.a(rpl-icmp6.o)
 .text.dis_output
                0x0000b93c       0x50 contiki-sky.a(rpl-icmp6.o)
                0x0000b93c                dis_output
 .text.dio_output
                0x0000b98c      0x268 contiki-sky.a(rpl-icmp6.o)
                0x0000b98c                dio_output
 .text.dis_input
                0x0000bbf4       0x28 contiki-sky.a(rpl-icmp6.o)
 .text.dao_output_target
                0x0000bc1c       0xea contiki-sky.a(rpl-icmp6.o)
                0x0000bc1c                dao_output_target
 .text.dao_output
                0x0000bd06       0x80 contiki-sky.a(rpl-icmp6.o)
                0x0000bd06                dao_output
 .text.dao_ack_output
                0x0000bd86       0x32 contiki-sky.a(rpl-icmp6.o)
                0x0000bd86                dao_ack_output
 .text.dao_input
                0x0000bdb8      0x2a8 contiki-sky.a(rpl-icmp6.o)
 .text.rpl_icmp6_register_handlers
                0x0000c060       0x22 contiki-sky.a(rpl-icmp6.o)
                0x0000c060                rpl_icmp6_register_handlers
 .text.reset    0x0000c082        0x2 contiki-sky.a(rpl-mrhof.o)
 .text.update_metric_container
                0x0000c084        0x6 contiki-sky.a(rpl-mrhof.o)
 .text.calculate_rank
                0x0000c08a       0x3e contiki-sky.a(rpl-mrhof.o)
 .text.best_parent
                0x0000c0c8       0x74 contiki-sky.a(rpl-mrhof.o)
 .text.neighbor_link_callback
                0x0000c13c       0xa2 contiki-sky.a(rpl-mrhof.o)
 .text.best_dag
                0x0000c1de       0x34 contiki-sky.a(rpl-mrhof.o)
 .text.new_dio_interval
                0x0000c212       0x92 contiki-sky.a(rpl-timers.o)
 .text.handle_periodic_timer
                0x0000c2a4       0x2e contiki-sky.a(rpl-timers.o)
 .text.set_dao_lifetime_timer
                0x0000c2d2       0x52 contiki-sky.a(rpl-timers.o)
 .text.schedule_dao
                0x0000c324       0x82 contiki-sky.a(rpl-timers.o)
 .text.handle_dio_timer
                0x0000c3a6       0x88 contiki-sky.a(rpl-timers.o)
 .text.handle_dao_timer
                0x0000c42e       0x64 contiki-sky.a(rpl-timers.o)
 .text.rpl_reset_periodic_timer
                0x0000c492       0x60 contiki-sky.a(rpl-timers.o)
                0x0000c492                rpl_reset_periodic_timer
 .text.rpl_reset_dio_timer
                0x0000c4f2       0x18 contiki-sky.a(rpl-timers.o)
                0x0000c4f2                rpl_reset_dio_timer
 .text.rpl_schedule_dao
                0x0000c50a        0xc contiki-sky.a(rpl-timers.o)
                0x0000c50a                rpl_schedule_dao
 .text.rpl_schedule_probing
                0x0000c516       0x3c contiki-sky.a(rpl-timers.o)
                0x0000c516                rpl_schedule_probing
 .text.handle_probing_timer
                0x0000c552      0x124 contiki-sky.a(rpl-timers.o)
 .text.input_packet
                0x0000c676        0x6 contiki-sky.a(csma.o)
 .text.on       0x0000c67c        0x6 contiki-sky.a(csma.o)
 .text.off      0x0000c682        0x6 contiki-sky.a(csma.o)
 .text.channel_check_interval
                0x0000c688       0x10 contiki-sky.a(csma.o)
 .text.transmit_packet_list
                0x0000c698       0x24 contiki-sky.a(csma.o)
 .text.send_packet
                0x0000c6bc      0x17a contiki-sky.a(csma.o)
 .text.init     0x0000c836       0x1a contiki-sky.a(csma.o)
 .text.free_packet
                0x0000c850       0x9c contiki-sky.a(csma.o)
 .text.packet_sent
                0x0000c8ec      0x130 contiki-sky.a(csma.o)
 .text.parse    0x0000ca1c       0xa0 contiki-sky.a(framer-802154.o)
 .text.create_frame.isra.0
                0x0000cabc      0x108 contiki-sky.a(framer-802154.o)
 .text.create   0x0000cbc4        0x8 contiki-sky.a(framer-802154.o)
 .text.hdr_length
                0x0000cbcc        0x8 contiki-sky.a(framer-802154.o)
 .text.framer_canonical_create_and_secure
                0x0000cbd4       0x20 contiki-sky.a(framer.o)
                0x0000cbd4                framer_canonical_create_and_secure
 .text.mac_call_sent_callback
                0x0000cbf4       0x14 contiki-sky.a(mac.o)
                0x0000cbf4                mac_call_sent_callback
 .text.linkaddr_copy
                0x0000cc08        0x8 contiki-sky.a(linkaddr.o)
                0x0000cc08                linkaddr_copy
 .text.linkaddr_cmp
                0x0000cc10       0x12 contiki-sky.a(linkaddr.o)
                0x0000cc10                linkaddr_cmp
 .text.linkaddr_set_node_addr
                0x0000cc22        0xc contiki-sky.a(linkaddr.o)
                0x0000cc22                linkaddr_set_node_addr
 .text.index_from_key
                0x0000cc2e       0x48 contiki-sky.a(nbr-table.o)
 .text.item_from_key
                0x0000cc76       0x34 contiki-sky.a(nbr-table.o)
 .text.nbr_set_bit
                0x0000ccaa       0x8e contiki-sky.a(nbr-table.o)
 .text.index_from_lladdr
                0x0000cd38       0x42 contiki-sky.a(nbr-table.o)
 .text.nbr_get_bit.constprop.0
                0x0000cd7a       0x62 contiki-sky.a(nbr-table.o)
 .text.nbr_table_register
                0x0000cddc       0x28 contiki-sky.a(nbr-table.o)
                0x0000cddc                nbr_table_register
 .text.nbr_table_next
                0x0000ce04       0x90 contiki-sky.a(nbr-table.o)
                0x0000ce04                nbr_table_next
 .text.nbr_table_head
                0x0000ce94       0x36 contiki-sky.a(nbr-table.o)
                0x0000ce94                nbr_table_head
 .text.nbr_table_add_lladdr
                0x0000ceca      0x144 contiki-sky.a(nbr-table.o)
                0x0000ceca                nbr_table_add_lladdr
 .text.nbr_table_get_from_lladdr
                0x0000d00e       0x48 contiki-sky.a(nbr-table.o)
                0x0000d00e                nbr_table_get_from_lladdr
 .text.nbr_table_remove
                0x0000d056       0x32 contiki-sky.a(nbr-table.o)
                0x0000d056                nbr_table_remove
 .text.nbr_table_lock
                0x0000d088       0x10 contiki-sky.a(nbr-table.o)
                0x0000d088                nbr_table_lock
 .text.nbr_table_unlock
                0x0000d098       0x10 contiki-sky.a(nbr-table.o)
                0x0000d098                nbr_table_unlock
 .text.nbr_table_get_lladdr
                0x0000d0a8       0x5a contiki-sky.a(nbr-table.o)
                0x0000d0a8                nbr_table_get_lladdr
 .text.packetbuf_compact
                0x0000d102       0x2e contiki-sky.a(packetbuf.o)
                0x0000d102                packetbuf_compact
 .text.packetbuf_copyto
                0x0000d130       0x52 contiki-sky.a(packetbuf.o)
                0x0000d130                packetbuf_copyto
 .text.packetbuf_hdrreduce
                0x0000d182       0x1a contiki-sky.a(packetbuf.o)
                0x0000d182                packetbuf_hdrreduce
 .text.packetbuf_set_datalen
                0x0000d19c        0x6 contiki-sky.a(packetbuf.o)
                0x0000d19c                packetbuf_set_datalen
 .text.packetbuf_dataptr
                0x0000d1a2        0xe contiki-sky.a(packetbuf.o)
                0x0000d1a2                packetbuf_dataptr
 .text.packetbuf_hdrptr
                0x0000d1b0        0xa contiki-sky.a(packetbuf.o)
                0x0000d1b0                packetbuf_hdrptr
 .text.packetbuf_datalen
                0x0000d1ba        0x6 contiki-sky.a(packetbuf.o)
                0x0000d1ba                packetbuf_datalen
 .text.packetbuf_hdrlen
                0x0000d1c0       0x10 contiki-sky.a(packetbuf.o)
                0x0000d1c0                packetbuf_hdrlen
 .text.packetbuf_totlen
                0x0000d1d0        0xc contiki-sky.a(packetbuf.o)
                0x0000d1d0                packetbuf_totlen
 .text.packetbuf_hdralloc
                0x0000d1dc       0x2e contiki-sky.a(packetbuf.o)
                0x0000d1dc                packetbuf_hdralloc
 .text.packetbuf_attr_clear
                0x0000d20a       0x28 contiki-sky.a(packetbuf.o)
                0x0000d20a                packetbuf_attr_clear
 .text.packetbuf_clear
                0x0000d232       0x1a contiki-sky.a(packetbuf.o)
                0x0000d232                packetbuf_clear
 .text.packetbuf_copyfrom
                0x0000d24c       0x2e contiki-sky.a(packetbuf.o)
                0x0000d24c                packetbuf_copyfrom
 .text.packetbuf_attr_copyto
                0x0000d27a       0x22 contiki-sky.a(packetbuf.o)
                0x0000d27a                packetbuf_attr_copyto
 .text.packetbuf_attr_copyfrom
                0x0000d29c       0x24 contiki-sky.a(packetbuf.o)
                0x0000d29c                packetbuf_attr_copyfrom
 .text.packetbuf_holds_broadcast
                0x0000d2c0        0xe contiki-sky.a(packetbuf.o)
                0x0000d2c0                packetbuf_holds_broadcast
 .text.queuebuf_init
                0x0000d2ce       0x12 contiki-sky.a(queuebuf.o)
                0x0000d2ce                queuebuf_init
 .text.queuebuf_numfree
                0x0000d2e0        0xa contiki-sky.a(queuebuf.o)
                0x0000d2e0                queuebuf_numfree
 .text.queuebuf_new_from_packetbuf
                0x0000d2ea       0x52 contiki-sky.a(queuebuf.o)
                0x0000d2ea                queuebuf_new_from_packetbuf
 .text.queuebuf_update_attr_from_packetbuf
                0x0000d33c       0x12 contiki-sky.a(queuebuf.o)
                0x0000d33c                queuebuf_update_attr_from_packetbuf
 .text.queuebuf_update_from_packetbuf
                0x0000d34e       0x22 contiki-sky.a(queuebuf.o)
                0x0000d34e                queuebuf_update_from_packetbuf
 .text.queuebuf_free
                0x0000d370       0x2a contiki-sky.a(queuebuf.o)
                0x0000d370                queuebuf_free
 .text.queuebuf_to_packetbuf
                0x0000d39a       0x32 contiki-sky.a(queuebuf.o)
                0x0000d39a                queuebuf_to_packetbuf
 .text.queuebuf_attr
                0x0000d3cc        0xe contiki-sky.a(queuebuf.o)
                0x0000d3cc                queuebuf_attr
 .text.duty_cycle
                0x0000d3da        0x6 contiki-sky.a(contikimac.o)
 .text.init     0x0000d3e0       0x2a contiki-sky.a(contikimac.o)
 .text.on       0x0000d40a       0x1a contiki-sky.a(contikimac.o)
 .text.off      0x0000d424       0x22 contiki-sky.a(contikimac.o)
 .text.recv_burst_off
                0x0000d446        0xa contiki-sky.a(contikimac.o)
 .text.turn_off
                0x0000d450       0x20 contiki-sky.a(contikimac.o)
 .text.turn_on  0x0000d470       0x30 contiki-sky.a(contikimac.o)
 .text.schedule_powercycle_fixed.part.4
                0x0000d4a0       0x36 contiki-sky.a(contikimac.o)
 .text.powercycle_turn_radio_off
                0x0000d4d6       0x30 contiki-sky.a(contikimac.o)
 .text.powercycle
                0x0000d506      0x1d2 contiki-sky.a(contikimac.o)
 .text.input_packet
                0x0000d6d8       0xb2 contiki-sky.a(contikimac.o)
 .text.send_packet.isra.7
                0x0000d78a      0x1ec contiki-sky.a(contikimac.o)
 .text.qsend_list
                0x0000d976       0xc4 contiki-sky.a(contikimac.o)
 .text.qsend_packet
                0x0000da3a       0x28 contiki-sky.a(contikimac.o)
 .text.bootstrap
                0x0000da62        0x4 contiki-sky.a(nullsec.o)
 .text.send     0x0000da66        0xa contiki-sky.a(nullsec.o)
 .text.on_frame_created
                0x0000da70        0x4 contiki-sky.a(nullsec.o)
 .text.input    0x0000da74        0x6 contiki-sky.a(nullsec.o)
 .text.get_overhead
                0x0000da7a        0x4 contiki-sky.a(nullsec.o)
 .text.spi_init
                0x0000da7e       0x32 contiki-sky.a(spi.o)
                0x0000da7e                spi_init
 .text.compower_accumulate
                0x0000dab0       0x72 contiki-sky.a(compower.o)
                0x0000dab0                compower_accumulate
 .text.compower_clear
                0x0000db22       0x12 contiki-sky.a(compower.o)
                0x0000db22                compower_clear
 .text.compower_attrconv
                0x0000db34       0x10 contiki-sky.a(compower.o)
                0x0000db34                compower_attrconv
 .text.stimer_set
                0x0000db44       0x1c contiki-sky.a(stimer.o)
                0x0000db44                stimer_set
 .text.stimer_expired
                0x0000db60       0x30 contiki-sky.a(stimer.o)
                0x0000db60                stimer_expired
 .text.field_len
                0x0000db90       0x98 contiki-sky.a(frame802154.o)
 .text.frame802154_hdrlen
                0x0000dc28       0x2e contiki-sky.a(frame802154.o)
                0x0000dc28                frame802154_hdrlen
 .text.frame802154_create
                0x0000dc56      0x146 contiki-sky.a(frame802154.o)
                0x0000dc56                frame802154_create
 .text.frame802154_parse
                0x0000dd9c      0x1da contiki-sky.a(frame802154.o)
                0x0000dd9c                frame802154_parse
 .text.mac_sequence_is_duplicate
                0x0000df76       0x44 contiki-sky.a(mac-sequence.o)
                0x0000df76                mac_sequence_is_duplicate
 .text.mac_sequence_register_seqno
                0x0000dfba       0x76 contiki-sky.a(mac-sequence.o)
                0x0000dfba                mac_sequence_register_seqno
 .text.libgcc   0x0000e030       0x2c /usr/lib/gcc/msp430/4.6.3/mmpy-16/libgcc.a(_mulsi3.o)
                0x0000e030                __mulsi3
 .text.libgcc   0x0000e05c       0x22 /usr/lib/gcc/msp430/4.6.3/mmpy-16/libgcc.a(_udivmod16.o)
                0x0000e05c                __udivhi3
                0x0000e05c                __ext_udivmod16
                0x0000e076                __umodhi3
 .text.libgcc   0x0000e07e       0x3a /usr/lib/gcc/msp430/4.6.3/mmpy-16/libgcc.a(_divmod16.o)
                0x0000e07e                __ext_divmod16
                0x0000e07e                __divhi3
                0x0000e0b0                __modhi3
 .text.libgcc   0x0000e0b8       0x40 /usr/lib/gcc/msp430/4.6.3/mmpy-16/libgcc.a(_udivmod32.o)
                0x0000e0b8                __udivsi3
                0x0000e0b8                __ext_udivmod32
                0x0000e0ee                __umodsi3
 .text          0x0000e0f8       0x20 /usr/lib/gcc/msp430/4.6.3/../../../../msp430/lib/mmpy-16/libc.a(memcmp.o)
                0x0000e0f8                memcmp
 .text          0x0000e118       0xfa /usr/lib/gcc/msp430/4.6.3/../../../../msp430/lib/mmpy-16/libc.a(memcpy.o)
                0x0000e118                memcpy
 .text          0x0000e212       0xfa /usr/lib/gcc/msp430/4.6.3/../../../../msp430/lib/mmpy-16/libc.a(memmove.o)
                0x0000e212                memmove
 .text          0x0000e30c       0x6a /usr/lib/gcc/msp430/4.6.3/../../../../msp430/lib/mmpy-16/libc.a(memset.o)
                0x0000e30c                memset
 .text          0x0000e376       0x1e /usr/lib/gcc/msp430/4.6.3/../../../../msp430/lib/mmpy-16/libc.a(printf.o)
                0x0000e376                printf
                0x0000e386                vprintf
 .text          0x0000e394      0x836 /usr/lib/gcc/msp430/4.6.3/../../../../msp430/lib/mmpy-16/libc.a(vuprintf.o)
                0x0000e52c                vuprintf
 .text          0x0000ebca       0x2c /usr/lib/gcc/msp430/4.6.3/../../../../msp430/lib/mmpy-16/libc.a(puts.o)
                0x0000ebca                puts
 .text          0x0000ebf6       0x54 /usr/lib/gcc/msp430/4.6.3/../../../../msp430/lib/mmpy-16/libc.a(rand.o)
                0x0000ebf6                rand_r
                0x0000ec1a                rand
                0x0000ec40                srand
 .text.libgcc   0x0000ec4a       0xf0 /usr/lib/gcc/msp430/4.6.3/mmpy-16/libgcc.a(_udivmod64.o)
                0x0000ec4a                __xabi_udivmod64
                0x0000eca8                __udivdi3
                0x0000ecce                __umoddi3
                0x0000ecfc                __udivmoddi4
 .text.crt0     0x0000ed3a        0x2 /usr/lib/gcc/msp430/4.6.3/mmpy-16/libcrt0.a(_unexpected_.o)
                0x0000ed3a                _unexpected_
                0x0000ed3c                . = ALIGN (0x2)

.rodata         0x0000ed3c      0x3b2
                0x0000ed3c                . = ALIGN (0x2)
 *(.rodata .rodata.* .gnu.linkonce.r.*)
 .rodata        0x0000ed3c       0x7a unicast-receiver.co
                0x0000ed90                autostart_processes
 .rodata        0x0000edb6      0x124 obj_sky/contiki-sky-main.o
 .rodata        0x0000eeda       0x99 contiki-sky.a(servreg-hack.o)
 *fill*         0x0000ef73        0x1 00
 .rodata        0x0000ef74       0x10 contiki-sky.a(button-sensor.o)
                0x0000ef7c                button_sensor
 .rodata        0x0000ef84        0x8 contiki-sky.a(sensors.o)
 .rodata        0x0000ef8c       0x5a contiki-sky.a(cc2420.o)
                0x0000efa8                cc2420_aes_128_driver
                0x0000efac                cc2420_driver
 .rodata        0x0000efe6        0xf contiki-sky.a(ctimer.o)
 .rodata        0x0000eff5        0xc contiki-sky.a(etimer.o)
 *fill*         0x0000f001        0x1 00
 .rodata        0x0000f002       0x24 contiki-sky.a(sicslowpan.o)
                0x0000f00e                sicslowpan_driver
                0x0000f014                llprefix
                0x0000f016                unc_mxconf
                0x0000f01a                unc_ctxconf
                0x0000f01e                unc_llconf
 .rodata        0x0000f026       0x20 contiki-sky.a(uip6.o)
 .rodata        0x0000f046       0x13 contiki-sky.a(simple-udp.o)
 .rodata        0x0000f059        0xd contiki-sky.a(tcpip.o)
 .rodata        0x0000f066       0x29 contiki-sky.a(uip-debug.o)
 *fill*         0x0000f08f        0x1 00
 .rodata        0x0000f090       0x14 contiki-sky.a(csma.o)
                0x0000f096                csma_driver
 .rodata        0x0000f0a4        0x8 contiki-sky.a(framer-802154.o)
                0x0000f0a4                framer_802154
 .rodata        0x0000f0ac        0x8 contiki-sky.a(linkaddr.o)
                0x0000f0ac                linkaddr_null
 .rodata        0x0000f0b4       0x1c contiki-sky.a(contikimac.o)
                0x0000f0c0                contikimac_driver
 .rodata        0x0000f0d0       0x14 contiki-sky.a(nullsec.o)
                0x0000f0d8                nullsec_driver
 .rodata        0x0000f0e4        0x2 contiki-sky.a(frame802154.o)
 .rodata        0x0000f0e6        0x7 /usr/lib/gcc/msp430/4.6.3/../../../../msp430/lib/mmpy-16/libc.a(vuprintf.o)
                0x0000f0ee                . = ALIGN (0x2)
 *fill*         0x0000f0ed        0x1 00
                0x0000f0ee                _etext = .

.data           0x00001100       0xfa load address 0x0000f0ee
                0x00001100                . = ALIGN (0x2)
                0x00001100                PROVIDE (__data_start, .)
 *(.data .data.* .gnu.linkonce.d.*)
 .data          0x00001100        0xa unicast-receiver.co
                0x00001100                unicast_receiver_process
 .data          0x0000110a       0x12 contiki-sky.a(servreg-hack.o)
                0x0000110a                servreg_hack_process
 .data          0x0000111c        0x4 contiki-sky.a(contiki-sky-pla)
                0x0000111c                sensors
 .data          0x00001120        0xa contiki-sky.a(sensors.o)
                0x00001120                sensors_process
 .data          0x0000112a        0xa contiki-sky.a(cc2420.o)
                0x0000112a                cc2420_process
 .data          0x00001134        0x2 contiki-sky.a(msp430.o)
 .data          0x00001136        0xa contiki-sky.a(ctimer.o)
                0x00001136                ctimer_process
 .data          0x00001140        0xa contiki-sky.a(etimer.o)
                0x00001140                etimer_process
 .data          0x0000114a        0xa contiki-sky.a(uip-ds6-nbr.o)
                0x0000114a                ds6_neighbors
 .data          0x00001154       0x20 contiki-sky.a(uip-ds6-route.o)
 .data          0x00001174        0xc contiki-sky.a(uip-icmp6.o)
 .data          0x00001180        0xa contiki-sky.a(simple-udp.o)
                0x00001180                simple_udp_process
 .data          0x0000118a        0xa contiki-sky.a(tcpip.o)
                0x0000118a                tcpip_process
 .data          0x00001194        0xa contiki-sky.a(rpl-dag.o)
                0x00001194                rpl_parents
 .data          0x0000119e       0x1a contiki-sky.a(rpl-icmp6.o)
 .data          0x000011b8        0xe contiki-sky.a(rpl-mrhof.o)
                0x000011b8                rpl_mrhof
 .data          0x000011c6       0x18 contiki-sky.a(csma.o)
 .data          0x000011de        0x8 contiki-sky.a(nbr-table.o)
 .data          0x000011e6       0x10 contiki-sky.a(queuebuf.o)
 .data          0x000011f6        0x4 /usr/lib/gcc/msp430/4.6.3/../../../../msp430/lib/mmpy-16/libc.a(rand.o)
                0x000011fa                . = ALIGN (0x2)
                0x000011fa                _edata = .
                0x0000f0ee                PROVIDE (__data_load_start, LOADADDR (.data))
                0x000000fa                PROVIDE (__data_size, SIZEOF (.data))

.bss            0x000011fa     0x1c32 load address 0x0000f1e8
                0x000011fa                PROVIDE (__bss_start, .)
 *(.bss .bss.*)
 .bss           0x000011fa       0x2c unicast-receiver.co
 .bss           0x00001226        0xc obj_sky/contiki-sky-main.o
 .bss           0x00001232      0x1f2 contiki-sky.a(servreg-hack.o)
 .bss           0x00001424        0x8 contiki-sky.a(button-sensor.o)
 .bss           0x0000142c        0x2 contiki-sky.a(node-id.o)
                0x0000142c                node_id
 .bss           0x0000142e        0x6 contiki-sky.a(sensors.o)
 .bss           0x00001434        0x8 contiki-sky.a(cc2420.o)
 .bss           0x0000143c       0x9a contiki-sky.a(uart1.o)
 .bss           0x000014d6        0xa contiki-sky.a(clock.o)
 .bss           0x000014e0        0x1 contiki-sky.a(leds.o)
 *fill*         0x000014e1        0x1 00
 .bss           0x000014e2        0x2 contiki-sky.a(watchdog.o)
 .bss           0x000014e4        0x4 contiki-sky.a(ctimer.o)
 .bss           0x000014e8        0x6 contiki-sky.a(etimer.o)
 .bss           0x000014ee       0x42 contiki-sky.a(process.o)
                0x000014ee                process_current
                0x000014f0                process_list
 .bss           0x00001530        0x2 contiki-sky.a(rtimer.o)
 .bss           0x00001532      0x124 contiki-sky.a(sicslowpan.o)
 .bss           0x00001656       0x12 contiki-sky.a(uip6.o)
                0x00001656                uip_ext_opt_offset
                0x00001658                uip_ext_len
                0x0000165a                uip_ext_bitmap
 .bss           0x00001668       0x18 contiki-sky.a(uip-ds6.o)
 .bss           0x00001680      0x2f8 contiki-sky.a(uip-ds6-nbr.o)
 .bss           0x00001978      0x362 contiki-sky.a(uip-ds6-route.o)
 .bss           0x00001cda       0x14 contiki-sky.a(uip-icmp6.o)
 .bss           0x00001cee       0xf2 contiki-sky.a(simple-udp.o)
 .bss           0x00001de0       0x36 contiki-sky.a(tcpip.o)
 .bss           0x00001e16        0x2 contiki-sky.a(rpl.o)
 .bss           0x00001e18       0xf0 contiki-sky.a(rpl-dag.o)
 .bss           0x00001f08       0x18 contiki-sky.a(rpl-timers.o)
 .bss           0x00001f20       0xc4 contiki-sky.a(csma.o)
 .bss           0x00001fe4        0x2 contiki-sky.a(framer-802154.o)
 .bss           0x00001fe6      0x118 contiki-sky.a(nbr-table.o)
 .bss           0x000020fe       0xb8 contiki-sky.a(packetbuf.o)
 .bss           0x000021b6      0x5a0 contiki-sky.a(queuebuf.o)
 .bss           0x00002756       0x32 contiki-sky.a(contikimac.o)
 .bss           0x00002788        0x8 contiki-sky.a(compower.o)
 .bss           0x00002790       0xa0 contiki-sky.a(mac-sequence.o)
 *(COMMON)
 COMMON         0x00002830        0x2 contiki-sky.a(contiki-sky-pla)
                0x00002830                sensors_flags
 COMMON         0x00002832        0x8 contiki-sky.a(ds2411.o)
                0x00002832                ds2411_id
 COMMON         0x0000283a        0x1 contiki-sky.a(sensors.o)
                0x0000283a                sensors_event
 *fill*         0x0000283b        0x1 00
 COMMON         0x0000283c       0x10 contiki-sky.a(cc2420.o)
                0x0000283c                cc2420_last_rssi
                0x0000283e                cc2420_sfd_start_time
                0x00002840                cc2420_time_of_departure
                0x00002842                cc2420_time_of_arrival
                0x00002844                cc2420_last_correlation
                0x00002846                cc2420_authority_level_of_sender
                0x00002848                cc2420_sfd_counter
                0x0000284a                cc2420_sfd_end_time
 COMMON         0x0000284c        0x2 contiki-sky.a(msp430.o)
                0x0000284c                msp430_dco_required
 COMMON         0x0000284e       0x56 contiki-sky.a(energest.o)
                0x0000284e                energest_total_time
                0x0000287e                energest_total_count
                0x00002880                energest_current_mode
                0x0000288c                energest_current_time
 COMMON         0x000028a4        0x1 contiki-sky.a(process.o)
                0x000028a4                process_maxevents
 *fill*         0x000028a5        0x1 00
 COMMON         0x000028a6        0x8 contiki-sky.a(sicslowpan.o)
                0x000028a6                frag_sender
 COMMON         0x000028ae      0x304 contiki-sky.a(uip6.o)
                0x000028ae                uip_len
                0x000028b0                uip_sappdata
                0x000028b2                uip_acc32
                0x000028b6                uip_lladdr
                0x000028be                uip_aligned_buf
                0x000029ae                uip_flags
                0x000029b0                uip_next_hdr
                0x000029b2                uip_udp_conn
                0x000029b4                uip_appdata
                0x000029b6                uip_conn
                0x000029b8                uip_conns
                0x00002a68                uip_listenports
                0x00002a78                uip_slen
                0x00002a7a                uip_udp_conns
 COMMON         0x00002bb2      0x15c contiki-sky.a(uip-ds6.o)
                0x00002bb2                uip_ds6_timer_ra
                0x00002bba                uip_ds6_if
                0x00002ca6                uip_ds6_netif_addr_list_offset
                0x00002ca7                uip_ds6_addr_size
                0x00002ca8                uip_ds6_prefix_list
                0x00002d02                uip_ds6_timer_periodic
 COMMON         0x00002d0e        0x1 contiki-sky.a(tcpip.o)
                0x00002d0e                tcpip_event
 *fill*         0x00002d0f        0x1 00
 COMMON         0x00002d10       0xde contiki-sky.a(rpl-dag.o)
                0x00002d10                default_instance
                0x00002d12                instance_table
 COMMON         0x00002dee        0x8 contiki-sky.a(linkaddr.o)
                0x00002dee                linkaddr_node_addr
 COMMON         0x00002df6       0x2e contiki-sky.a(packetbuf.o)
                0x00002df6                packetbuf_addrs
                0x00002e06                packetbuf_attrs
 COMMON         0x00002e24        0x8 contiki-sky.a(compower.o)
                0x00002e24                compower_idle_activity
                0x00002e2c                . = ALIGN (0x2)
                0x00002e2c                PROVIDE (__bss_end, .)
                0x00001c32                PROVIDE (__bss_size, SIZEOF (.bss))

.noinit         0x00002e2c        0x2 load address 0x0000f1e8
                0x00002e2c                PROVIDE (__noinit_start, .)
 *(.noinit .noinit.*)
 .noinit.crt0   0x00002e2c        0x2 /usr/lib/gcc/msp430/4.6.3/mmpy-16/libcrt0.a(__watchdog_support.o)
                0x00002e2c                __wdt_clear_value
                0x00002e2e                . = ALIGN (0x2)
                0x00002e2e                PROVIDE (__noinit_end, .)
                0x00002e2e                . = ALIGN (0x2)
                0x00002e2e                _end = .

.infomem        0x00001000        0x0
 *(.infomem)
                0x00001000                . = ALIGN (0x2)
 *(.infomem.*)

.infomemnobits  0x00001000        0x0
 *(.infomemnobits)
                0x00001000                . = ALIGN (0x2)
 *(.infomemnobits.*)

.infoa
 *(.infoa .infoa.*)

.infob
 *(.infob .infob.*)

.infoc
 *(.infoc .infoc.*)

.infod
 *(.infod .infod.*)

.vectors        0x0000ffe0       0x20
                0x0000ffe0                PROVIDE (__vectors_start, .)
 *(.vectors*)
 .vectors       0x0000ffe0       0x20 /usr/lib/gcc/msp430/4.6.3/mmpy-16/crt0ivtbl16.o
                0x0000ffe0                __ivtbl_16
                0x00010000                _vectors_end = .

.fartext        0x00000000        0x0
                0x00000000                . = ALIGN (0x2)
 *(.fartext)
                0x00000000                . = ALIGN (0x2)
 *(.fartext.*)
                0x00000000                _efartext = .

.profiler
 *(.profiler)

.stab           0x00000000    0x2955c
 *(.stab)
 .stab          0x00000000     0x1218 unicast-receiver.co
 .stab          0x00001218     0x1668 obj_sky/contiki-sky-main.o
                               0x1b0c (size before relaxing)
 .stab          0x00002880     0x129c contiki-sky.a(servreg-hack.o)
                               0x1fc8 (size before relaxing)
 .stab          0x00003b1c      0x264 contiki-sky.a(contiki-sky-pla)
                                0x5b8 (size before relaxing)
 .stab          0x00003d80      0x468 contiki-sky.a(button-sensor.o)
                                0x7d4 (size before relaxing)
 .stab          0x000041e8      0x624 contiki-sky.a(ds2411.o)
                                0xb40 (size before relaxing)
 .stab          0x0000480c      0xa38 contiki-sky.a(xmem.o)
                                0xf60 (size before relaxing)
 .stab          0x00005244      0x2b8 contiki-sky.a(node-id.o)
                                0x4e0 (size before relaxing)
 .stab          0x000054fc      0x654 contiki-sky.a(sensors.o)
                                0xb70 (size before relaxing)
 .stab          0x00005b50     0x25e0 contiki-sky.a(cc2420.o)
                               0x2cac (size before relaxing)
 .stab          0x00008130      0x5d0 contiki-sky.a(cc2420-arch.o)
                               0x1728 (size before relaxing)
 .stab          0x00008700      0x60c contiki-sky.a(uart1.o)
                                0x960 (size before relaxing)
 .stab          0x00008d0c      0x27c contiki-sky.a(uart1-putchar.o)
                                0x7bc (size before relaxing)
 .stab          0x00008f88      0x744 contiki-sky.a(msp430.o)
                                0xa98 (size before relaxing)
 .stab          0x000096cc      0x948 contiki-sky.a(clock.o)
                                0xc9c (size before relaxing)
 .stab          0x0000a014      0x5dc contiki-sky.a(leds.o)
                                0x828 (size before relaxing)
 .stab          0x0000a5f0      0x3a8 contiki-sky.a(leds-arch.o)
                                0x6fc (size before relaxing)
 .stab          0x0000a998      0x3fc contiki-sky.a(watchdog.o)
                                0x750 (size before relaxing)
 .stab          0x0000ad94      0x3cc contiki-sky.a(rtimer-arch.o)
                                0x720 (size before relaxing)
 .stab          0x0000b160      0x294 contiki-sky.a(autostart.o)
                                0x534 (size before relaxing)
 .stab          0x0000b3f4      0x7a4 contiki-sky.a(ctimer.o)
                                0xb10 (size before relaxing)
 .stab          0x0000bb98      0x474 contiki-sky.a(energest.o)
                                0x6fc (size before relaxing)
 .stab          0x0000c00c      0xa38 contiki-sky.a(etimer.o)
                                0xd08 (size before relaxing)
 .stab          0x0000ca44      0xb7c contiki-sky.a(process.o)
                               0x1014 (size before relaxing)
 .stab          0x0000d5c0      0x3d8 contiki-sky.a(rtimer.o)
                                0x6c0 (size before relaxing)
 .stab          0x0000d998      0x354 contiki-sky.a(timer.o)
                                0x594 (size before relaxing)
 .stab          0x0000dcec      0x7f8 contiki-sky.a(list.o)
                                0x804 (size before relaxing)
 .stab          0x0000e4e4      0x5c4 contiki-sky.a(memb.o)
                                0xaf8 (size before relaxing)
 .stab          0x0000eaa8      0x24c contiki-sky.a(random.o)
                                0x624 (size before relaxing)
 .stab          0x0000ecf4     0x1f74 contiki-sky.a(sicslowpan.o)
                               0x2ee0 (size before relaxing)
 .stab          0x00010c68     0x2bc8 contiki-sky.a(uip6.o)
                               0x378c (size before relaxing)
 .stab          0x00013830     0x13d4 contiki-sky.a(uip-ds6.o)
                               0x1f74 (size before relaxing)
 .stab          0x00014c04      0xcd8 contiki-sky.a(uip-ds6-nbr.o)
                               0x1710 (size before relaxing)
 .stab          0x000158dc     0x1260 contiki-sky.a(uip-ds6-route.o)
                               0x1de8 (size before relaxing)
 .stab          0x00016b3c      0xcf0 contiki-sky.a(uip-icmp6.o)
                               0x1968 (size before relaxing)
 .stab          0x0001782c      0x57c contiki-sky.a(uip-nd6.o)
                               0x1158 (size before relaxing)
 .stab          0x00017da8      0x8c4 contiki-sky.a(simple-udp.o)
                               0x19d4 (size before relaxing)
 .stab          0x0001866c     0x1410 contiki-sky.a(tcpip.o)
                               0x2658 (size before relaxing)
 .stab          0x00019a7c      0x444 contiki-sky.a(uip-debug.o)
                                0xbd0 (size before relaxing)
 .stab          0x00019ec0      0x444 contiki-sky.a(uip-udp-packet.)
                                0xc00 (size before relaxing)
 .stab          0x0001a304      0xa8c contiki-sky.a(rpl.o)
                               0x17b8 (size before relaxing)
 .stab          0x0001ad90     0x2f10 contiki-sky.a(rpl-dag.o)
                               0x3c18 (size before relaxing)
 .stab          0x0001dca0      0xa50 contiki-sky.a(rpl-ext-header.)
                               0x180c (size before relaxing)
 .stab          0x0001e6f0     0x17ac contiki-sky.a(rpl-icmp6.o)
                               0x25b0 (size before relaxing)
 .stab          0x0001fe9c      0x8ac contiki-sky.a(rpl-mrhof.o)
                               0x159c (size before relaxing)
 .stab          0x00020748      0xbdc contiki-sky.a(rpl-timers.o)
                               0x18cc (size before relaxing)
 .stab          0x00021324     0x1050 contiki-sky.a(csma.o)
                               0x1590 (size before relaxing)
 .stab          0x00022374      0x930 contiki-sky.a(framer-802154.o)
                                0xf54 (size before relaxing)
 .stab          0x00022ca4      0x3fc contiki-sky.a(framer.o)
                                0xc54 (size before relaxing)
 .stab          0x000230a0      0x1f8 contiki-sky.a(mac.o)
                                0x4ec (size before relaxing)
 .stab          0x00023298      0x2c4 contiki-sky.a(linkaddr.o)
                                0x6c0 (size before relaxing)
 .stab          0x0002355c      0xd80 contiki-sky.a(nbr-table.o)
                               0x1428 (size before relaxing)
 .stab          0x000242dc      0xdb0 contiki-sky.a(packetbuf.o)
                               0x1ed8 (size before relaxing)
 .stab          0x0002508c      0xaa4 contiki-sky.a(queuebuf.o)
                               0x1bb4 (size before relaxing)
 .stab          0x00025b30     0x1884 contiki-sky.a(contikimac.o)
                               0x22f8 (size before relaxing)
 .stab          0x000273b4      0x75c contiki-sky.a(nullsec.o)
                                0xda4 (size before relaxing)
 .stab          0x00027b10      0x204 contiki-sky.a(spi.o)
                                0x42c (size before relaxing)
 .stab          0x00027d14      0x51c contiki-sky.a(compower.o)
                                0xd20 (size before relaxing)
 .stab          0x00028230      0x3c0 contiki-sky.a(stimer.o)
                                0x600 (size before relaxing)
 .stab          0x000285f0      0x924 contiki-sky.a(frame802154.o)
                               0x10f8 (size before relaxing)
 .stab          0x00028f14      0x648 contiki-sky.a(mac-sequence.o)
                               0x1770 (size before relaxing)

.stabstr        0x00000000    0x1c43b
 *(.stabstr)
 .stabstr       0x00000000    0x1c43b unicast-receiver.co

.stab.excl
 *(.stab.excl)

.stab.exclstr
 *(.stab.exclstr)

.stab.index
 *(.stab.index)

.stab.indexstr
 *(.stab.indexstr)

.comment
 *(.comment)

.debug
 *(.debug)

.line
 *(.line)

.debug_srcinfo
 *(.debug_srcinfo)

.debug_sfnames
 *(.debug_sfnames)

.debug_aranges  0x00000000      0x190
 *(.debug_aranges)
 .debug_aranges
                0x00000000       0x14 /usr/lib/gcc/msp430/4.6.3/mmpy-16/libgcc.a(_mulsi3.o)
 .debug_aranges
                0x00000014       0x14 /usr/lib/gcc/msp430/4.6.3/mmpy-16/libgcc.a(_udivmod16.o)
 .debug_aranges
                0x00000028       0x14 /usr/lib/gcc/msp430/4.6.3/mmpy-16/libgcc.a(_divmod16.o)
 .debug_aranges
                0x0000003c       0x14 /usr/lib/gcc/msp430/4.6.3/mmpy-16/libgcc.a(_udivmod32.o)
 .debug_aranges
                0x00000050       0x14 /usr/lib/gcc/msp430/4.6.3/../../../../msp430/lib/mmpy-16/libc.a(strncmp.o)
 .debug_aranges
                0x00000064       0x14 /usr/lib/gcc/msp430/4.6.3/../../../../msp430/lib/mmpy-16/libc.a(memcmp.o)
 .debug_aranges
                0x00000078       0x14 /usr/lib/gcc/msp430/4.6.3/../../../../msp430/lib/mmpy-16/libc.a(memcpy.o)
 .debug_aranges
                0x0000008c       0x14 /usr/lib/gcc/msp430/4.6.3/../../../../msp430/lib/mmpy-16/libc.a(memmove.o)
 .debug_aranges
                0x000000a0       0x14 /usr/lib/gcc/msp430/4.6.3/../../../../msp430/lib/mmpy-16/libc.a(memset.o)
 .debug_aranges
                0x000000b4       0x14 /usr/lib/gcc/msp430/4.6.3/../../../../msp430/lib/mmpy-16/libc.a(printf.o)
 .debug_aranges
                0x000000c8       0x14 /usr/lib/gcc/msp430/4.6.3/../../../../msp430/lib/mmpy-16/libc.a(vuprintf.o)
 .debug_aranges
                0x000000dc       0x14 /usr/lib/gcc/msp430/4.6.3/../../../../msp430/lib/mmpy-16/libc.a(puts.o)
 .debug_aranges
                0x000000f0       0x14 /usr/lib/gcc/msp430/4.6.3/../../../../msp430/lib/mmpy-16/libc.a(rand.o)
 .debug_aranges
                0x00000104       0x14 /usr/lib/gcc/msp430/4.6.3/mmpy-16/libgcc.a(_udivmod64.o)
 .debug_aranges
                0x00000118       0x14 /usr/lib/gcc/msp430/4.6.3/mmpy-16/libcrt0.a(__watchdog_support.o)
 .debug_aranges
                0x0000012c       0x14 /usr/lib/gcc/msp430/4.6.3/mmpy-16/libcrt0.a(__init_stack.o)
 .debug_aranges
                0x00000140       0x14 /usr/lib/gcc/msp430/4.6.3/mmpy-16/libcrt0.a(_copy_data.o)
 .debug_aranges
                0x00000154       0x14 /usr/lib/gcc/msp430/4.6.3/mmpy-16/libcrt0.a(_clear_bss.o)
 .debug_aranges
                0x00000168       0x14 /usr/lib/gcc/msp430/4.6.3/mmpy-16/libcrt0.a(_endless_loop__.o)
 .debug_aranges
                0x0000017c       0x14 /usr/lib/gcc/msp430/4.6.3/mmpy-16/libcrt0.a(_unexpected_.o)

.debug_pubnames
 *(.debug_pubnames)

.debug_info     0x00000000     0x1584
 *(.debug_info)
 .debug_info    0x00000000       0xd6 /usr/lib/gcc/msp430/4.6.3/mmpy-16/libgcc.a(_mulsi3.o)
 .debug_info    0x000000d6       0xd6 /usr/lib/gcc/msp430/4.6.3/mmpy-16/libgcc.a(_udivmod16.o)
 .debug_info    0x000001ac       0xd6 /usr/lib/gcc/msp430/4.6.3/mmpy-16/libgcc.a(_divmod16.o)
 .debug_info    0x00000282       0xd6 /usr/lib/gcc/msp430/4.6.3/mmpy-16/libgcc.a(_udivmod32.o)
 .debug_info    0x00000358       0xbb /usr/lib/gcc/msp430/4.6.3/../../../../msp430/lib/mmpy-16/libc.a(strncmp.o)
 .debug_info    0x00000413       0xe8 /usr/lib/gcc/msp430/4.6.3/../../../../msp430/lib/mmpy-16/libc.a(memcmp.o)
 .debug_info    0x000004fb      0x113 /usr/lib/gcc/msp430/4.6.3/../../../../msp430/lib/mmpy-16/libc.a(memcpy.o)
 .debug_info    0x0000060e      0x113 /usr/lib/gcc/msp430/4.6.3/../../../../msp430/lib/mmpy-16/libc.a(memmove.o)
 .debug_info    0x00000721       0xfe /usr/lib/gcc/msp430/4.6.3/../../../../msp430/lib/mmpy-16/libc.a(memset.o)
 .debug_info    0x0000081f      0x105 /usr/lib/gcc/msp430/4.6.3/../../../../msp430/lib/mmpy-16/libc.a(printf.o)
 .debug_info    0x00000924      0x565 /usr/lib/gcc/msp430/4.6.3/../../../../msp430/lib/mmpy-16/libc.a(vuprintf.o)
 .debug_info    0x00000e89       0x96 /usr/lib/gcc/msp430/4.6.3/../../../../msp430/lib/mmpy-16/libc.a(puts.o)
 .debug_info    0x00000f1f      0x13f /usr/lib/gcc/msp430/4.6.3/../../../../msp430/lib/mmpy-16/libc.a(rand.o)
 .debug_info    0x0000105e       0xd6 /usr/lib/gcc/msp430/4.6.3/mmpy-16/libgcc.a(_udivmod64.o)
 .debug_info    0x00001134       0xb8 /usr/lib/gcc/msp430/4.6.3/mmpy-16/libcrt0.a(__watchdog_support.o)
 .debug_info    0x000011ec       0xb8 /usr/lib/gcc/msp430/4.6.3/mmpy-16/libcrt0.a(__init_stack.o)
 .debug_info    0x000012a4       0xb8 /usr/lib/gcc/msp430/4.6.3/mmpy-16/libcrt0.a(_copy_data.o)
 .debug_info    0x0000135c       0xb8 /usr/lib/gcc/msp430/4.6.3/mmpy-16/libcrt0.a(_clear_bss.o)
 .debug_info    0x00001414       0xb8 /usr/lib/gcc/msp430/4.6.3/mmpy-16/libcrt0.a(_endless_loop__.o)
 .debug_info    0x000014cc       0xb8 /usr/lib/gcc/msp430/4.6.3/mmpy-16/libcrt0.a(_unexpected_.o)
 *(.gnu.linkonce.wi.*)

.debug_abbrev   0x00000000      0x7cc
 *(.debug_abbrev)
 .debug_abbrev  0x00000000       0x14 /usr/lib/gcc/msp430/4.6.3/mmpy-16/libgcc.a(_mulsi3.o)
 .debug_abbrev  0x00000014       0x14 /usr/lib/gcc/msp430/4.6.3/mmpy-16/libgcc.a(_udivmod16.o)
 .debug_abbrev  0x00000028       0x14 /usr/lib/gcc/msp430/4.6.3/mmpy-16/libgcc.a(_divmod16.o)
 .debug_abbrev  0x0000003c       0x14 /usr/lib/gcc/msp430/4.6.3/mmpy-16/libgcc.a(_udivmod32.o)
 .debug_abbrev  0x00000050       0x7c /usr/lib/gcc/msp430/4.6.3/../../../../msp430/lib/mmpy-16/libc.a(strncmp.o)
 .debug_abbrev  0x000000cc       0x9b /usr/lib/gcc/msp430/4.6.3/../../../../msp430/lib/mmpy-16/libc.a(memcmp.o)
 .debug_abbrev  0x00000167       0x97 /usr/lib/gcc/msp430/4.6.3/../../../../msp430/lib/mmpy-16/libc.a(memcpy.o)
 .debug_abbrev  0x000001fe       0x97 /usr/lib/gcc/msp430/4.6.3/../../../../msp430/lib/mmpy-16/libc.a(memmove.o)
 .debug_abbrev  0x00000295       0x9c /usr/lib/gcc/msp430/4.6.3/../../../../msp430/lib/mmpy-16/libc.a(memset.o)
 .debug_abbrev  0x00000331       0xd0 /usr/lib/gcc/msp430/4.6.3/../../../../msp430/lib/mmpy-16/libc.a(printf.o)
 .debug_abbrev  0x00000401      0x1ef /usr/lib/gcc/msp430/4.6.3/../../../../msp430/lib/mmpy-16/libc.a(vuprintf.o)
 .debug_abbrev  0x000005f0       0x60 /usr/lib/gcc/msp430/4.6.3/../../../../msp430/lib/mmpy-16/libc.a(puts.o)
 .debug_abbrev  0x00000650       0xf0 /usr/lib/gcc/msp430/4.6.3/../../../../msp430/lib/mmpy-16/libc.a(rand.o)
 .debug_abbrev  0x00000740       0x14 /usr/lib/gcc/msp430/4.6.3/mmpy-16/libgcc.a(_udivmod64.o)